Microchip MPLAB XC8 Compiler V2.10 ()

Linker command line:

-W-3 --edf=C:\Program Files (x86)\Microchip\xc8\v2.10\pic\dat\en_msgs.txt \
  -cs -h+dist/default/debug\Lab4_Sonar.X.debug.sym \
  --cmf=dist/default/debug\Lab4_Sonar.X.debug.cmf -z -Q18F458 \
  -oC:\Users\tge\AppData\Local\Temp\s3mc.2 --defsym=__MPLAB_BUILD=1 \
  -Mdist/default/debug/Lab4_Sonar.X.debug.map -E1 -ver=XC8 --acfsm=1493 \
  -ASTACK=0174h-05F3h -pstack=STACK -ACODE=00h-03FFFh,04000h-07DBFh \
  -ACONST=00h-07DBFh -ASMALLCONST=0600h-06FFhx119,07D00h-07DBFh \
  -AMEDIUMCONST=0600h-07DBFh -ACOMRAM=01h-05Fh -AABS1=00h-05F3h \
  -ABIGRAM=01h-05F3h -ARAM=060h-0FFh,0100h-01FFhx4,0500h-05F3h \
  -ABANK0=060h-0FFh -ABANK1=0100h-01FFh -ABANK2=0200h-02FFh \
  -ABANK3=0300h-03FFh -ABANK4=0400h-04FFh -ABANK5=0500h-05F3h \
  -ASFR=0F00h-0F5Fh,0F60h-0F9Bh,0F9Dh-0FD3h,0FD5h-0FDAh,0FE0h-0FE2h,0FE8h-0FEAh,0FF0h-0FFCh \
  -preset_vec=00h,intcode=08h,intcodelo=018h,powerup,init -pramtop=0600h \
  -psmallconst=SMALLCONST -pmediumconst=MEDIUMCONST -pconst=CONST \
  -AFARRAM=00h-00h -ACONFIG=0300000h-030000Dh -pconfig=CONFIG \
  -AIDLOC=0200000h-0200007h -pidloc=IDLOC -AEEDATA=0F00000h-0F000FFh \
  -peeprom_data=EEDATA \
  -prdata=COMRAM,nvrram=COMRAM,nvbit=COMRAM,rbss=COMRAM,rbit=COMRAM \
  -pfarbss=FARRAM,fardata=FARRAM,nvFARRAM=FARRAM \
  -pintsave_regs=BIGRAM,bigbss=BIGRAM,bigdata=BIGRAM -pbss=RAM \
  -pidata=CODE,irdata=CODE,ibigdata=CODE,ifardata=CODE -pparam0=BANK0 \
  C:\Users\tge\AppData\Local\Temp\s3mc.o \
  dist/default/debug\Lab4_Sonar.X.debug.o 

Object code version is 3.11

Machine type is 18F458

Call graph: (short form)




                Name                               Link     Load   Length Selector   Space Scale
C:\Users\tge\AppData\Local\Temp\s3mc.o
                text                               1DAC     1DAC        2      312       0
                init                                 2A       2A        4        C       0
                reset_vec                             0        0        6        0       0
                idloc                            200000   200000        8   200000       0
                config                           300000   300000        E   300000       0
dist/default/debug\Lab4_Sonar.X.debug.o
                intcodelo                            18       18       12        C       0
                intcode                               8        8        8        4       0
                temp                                  1        1        1        1       1
                smallconst                          600      600       24      300       0
                intcode_body                       1062     1062      178      312       0
                text31                             12E0     12E0       F2      312       0
                text30                             1770     1770       90      312       0
                text29                             1800     1800       80      312       0
                text28                             1D9C     1D9C        A      312       0
                text27                             1B1C     1B1C       5C      312       0
                text26                             1974     1974       78      312       0
                text25                             1D90     1D90        C      312       0
                text24                             163C     163C       9C      312       0
                text23                             1D84     1D84        C      312       0
                text22                             1B78     1B78       58      312       0
                text21                             1CE6     1CE6       3C      312       0
                text20                             16D8     16D8       98      312       0
                text19                             1D54     1D54       24      312       0
                text18                             1D78     1D78        C      312       0
                text17                             1582     1582       BA      312       0
                text16                             19EC     19EC       6E      312       0
                text15                             1D22     1D22       32      312       0
                text14                             18FA     18FA       7A      312       0
                text13                             14BE     14BE       C4      312       0
                text12                              B9A      B9A      1B6      312       0
                text11                              D50      D50      192      312       0
                text10                             1BD0     1BD0       4E      312       0
                text9                              1DA6     1DA6        6      312       0
                text8                              13D2     13D2       EC      312       0
                text7                              1AC0     1AC0       5C      312       0
                text6                              1C1E     1C1E       46      312       0
                text5                              11DA     11DA      106      312       0
                text4                               624      624      380      312       0
                text3                               9A4      9A4      1F6      312       0
                text2                              1880     1880       7A      312       0
                text1                              1A5A     1A5A       66      312       0
                text0                               EE2      EE2      180      312       0
                cstackBANK0                          60       60       86       60       1
                dataBANK1                           100      100       40      100       1
                bssBANK1                            140      140       34      100       1
                bssBANK0                             E6       E6        C       60       1
                cinit                              1C64     1C64       42      312       0
                idataBANK1                         1CA6     1CA6       40      312       0

TOTAL           Name                               Link     Load   Length     Space
        CLASS   STACK          

        CLASS   CODE           
                intcodelo                            18       18       12         0
                intcode                               8        8        8         0
                text                               1DAC     1DAC        2         0
                init                                 2A       2A        4         0
                reset_vec                             0        0        6         0
                intcode_body                       1062     1062      178         0
                text31                             12E0     12E0       F2         0
                text30                             1770     1770       90         0
                text29                             1800     1800       80         0
                text28                             1D9C     1D9C        A         0
                text27                             1B1C     1B1C       5C         0
                text26                             1974     1974       78         0
                text25                             1D90     1D90        C         0
                text24                             163C     163C       9C         0
                text23                             1D84     1D84        C         0
                text22                             1B78     1B78       58         0
                text21                             1CE6     1CE6       3C         0
                text20                             16D8     16D8       98         0
                text19                             1D54     1D54       24         0
                text18                             1D78     1D78        C         0
                text17                             1582     1582       BA         0
                text16                             19EC     19EC       6E         0
                text15                             1D22     1D22       32         0
                text14                             18FA     18FA       7A         0
                text13                             14BE     14BE       C4         0
                text12                              B9A      B9A      1B6         0
                text11                              D50      D50      192         0
                text10                             1BD0     1BD0       4E         0
                text9                              1DA6     1DA6        6         0
                text8                              13D2     13D2       EC         0
                text7                              1AC0     1AC0       5C         0
                text6                              1C1E     1C1E       46         0
                text5                              11DA     11DA      106         0
                text4                               624      624      380         0
                text3                               9A4      9A4      1F6         0
                text2                              1880     1880       7A         0
                text1                              1A5A     1A5A       66         0
                text0                               EE2      EE2      180         0
                cinit                              1C64     1C64       42         0
                idataBANK1                         1CA6     1CA6       40         0

        CLASS   CONST          

        CLASS   SMALLCONST     
                smallconst                          600      600       24         0

        CLASS   MEDIUMCONST    

        CLASS   COMRAM         
                temp                                  1        1        1         1

        CLASS   ABS1           

        CLASS   BIGRAM         

        CLASS   RAM            

        CLASS   BANK0          
                cstackBANK0                          60       60       86         1
                bssBANK0                             E6       E6        C         1

        CLASS   BANK1          
                dataBANK1                           100      100       40         1
                bssBANK1                            140      140       34         1

        CLASS   BANK2          

        CLASS   BANK3          

        CLASS   BANK4          

        CLASS   BANK5          

        CLASS   SFR            

        CLASS   FARRAM         

        CLASS   CONFIG         
                config                           300000   300000        E         0

        CLASS   IDLOC          
                idloc                            200000   200000        8         0

        CLASS   EEDATA         



SEGMENTS        Name                           Load    Length   Top    Selector   Space  Class

                reset_vec                      000000  000006  000006         0       0  CODE    
                temp                           000001  000001  000002         1       1  COMRAM  
                intcode                        000008  000008  000010         4       0  CODE    
                intcodelo                      000018  000016  00002E         C       0  CODE    
                cstackBANK0                    000060  000092  0000F2        60       1  BANK0   
                dataBANK1                      000100  000074  000174       100       1  BANK1   
                smallconst                     000600  000024  000624       300       0  SMALLCON
                text4                          000624  00178A  001DAE       312       0  CODE    
                idloc                          200000  000008  200008    200000       0  IDLOC   
                config                         300000  00000E  30000E    300000       0  CONFIG  


UNUSED ADDRESS RANGES

        Name                Unused          Largest block    Delta
        BANK0            0000F2-0000FF                E
        BANK1            000174-0001FF               8C
        BANK2            000200-0002FF              100
        BANK3            000300-0003FF              100
        BANK4            000400-0004FF              100
        BANK5            000500-0005F3               F4
        BIGRAM           000002-00005F               5E
                         0000F2-0000FF                E
                         000174-0005F3              480
        CODE             000006-000007                2
                         000010-000017                8
                         00002E-0005FF              5D2
                         001DAE-007DBF             2252
        COMRAM           000002-00005F               5E
        CONST            000006-000007                2
                         000010-000017                8
                         00002E-0005FF              5D2
                         001DAE-007DBF             6012
        EEDATA           F00000-F000FF              100
        MEDIUMCONST      001DAE-007DBF             6012
        RAM              0000F2-0000FF                E
                         000174-0005F3              100
        SFR              000F00-000F9B               60
                         000F9D-000FD3               37
                         000FD5-000FDA                6
                         000FE0-000FE2                3
                         000FE8-000FEA                3
                         000FF0-000FFC                D
        SMALLCONST       001DAE-007DBF              100
        STACK            000174-0005F3              480

                                  Symbol Table

?___aodiv                                              cstackBANK0  000067
?___aomod                                              cstackBANK0  000067
?___awdiv                                              cstackBANK0  000067
?___lwdiv                                              cstackBANK0  000067
?_abs                                                  cstackBANK0  000079
?_dtoa                                                 cstackBANK0  000082
?_fputc                                                cstackBANK0  000067
?_fputs                                                cstackBANK0  000070
?_pad                                                  cstackBANK0  000077
?_sprintf                                              cstackBANK0  0000BE
?_strlen                                               cstackBANK0  000067
?_vfpfcnvrt                                            cstackBANK0  0000A6
?_vfprintf                                             cstackBANK0  0000B6
_ADCON1                                                (abs)        000FC1
_CCP1CONbits                                           (abs)        000FBD
_CCPR1                                                 (abs)        000FBE
_CMCON                                                 (abs)        000FB4
_INTCON2bits                                           (abs)        000FF1
_INTCONbits                                            (abs)        000FF2
_IPR1bits                                              (abs)        000F9F
_PIE1bits                                              (abs)        000F9D
_PIR1bits                                              (abs)        000F9E
_PORTA                                                 (abs)        000F80
_PORTAbits                                             (abs)        000F80
_PORTBbits                                             (abs)        000F81
_PORTCbits                                             (abs)        000F82
_PORTDbits                                             (abs)        000F83
_RCONbits                                              (abs)        000FD0
_T0CONbits                                             (abs)        000FD5
_T1CONbits                                             (abs)        000FCD
_T3CONbits                                             (abs)        000FB1
_TMR0H                                                 (abs)        000FD7
_TMR0L                                                 (abs)        000FD6
_TMR1                                                  (abs)        000FCE
_TMR3                                                  (abs)        000FB2
_TRISA                                                 (abs)        000F92
_TRISB                                                 (abs)        000F93
_TRISBbits                                             (abs)        000F93
_TRISCbits                                             (abs)        000F94
_TRISDbits                                             (abs)        000F95
__CFG_BOR$OFF                                          (abs)        000000
__CFG_BORV$25                                          (abs)        000000
__CFG_CP0$OFF                                          (abs)        000000
__CFG_CP1$OFF                                          (abs)        000000
__CFG_CP2$OFF                                          (abs)        000000
__CFG_CP3$OFF                                          (abs)        000000
__CFG_CPB$OFF                                          (abs)        000000
__CFG_CPD$OFF                                          (abs)        000000
__CFG_EBTR0$OFF                                        (abs)        000000
__CFG_EBTR1$OFF                                        (abs)        000000
__CFG_EBTR2$OFF                                        (abs)        000000
__CFG_EBTR3$OFF                                        (abs)        000000
__CFG_EBTRB$OFF                                        (abs)        000000
__CFG_LVP$OFF                                          (abs)        000000
__CFG_OSC$HS                                           (abs)        000000
__CFG_OSCS$OFF                                         (abs)        000000
__CFG_PWRT$OFF                                         (abs)        000000
__CFG_STVR$OFF                                         (abs)        000000
__CFG_WDT$OFF                                          (abs)        000000
__CFG_WDTPS$128                                        (abs)        000000
__CFG_WRT0$OFF                                         (abs)        000000
__CFG_WRT1$OFF                                         (abs)        000000
__CFG_WRT2$OFF                                         (abs)        000000
__CFG_WRT3$OFF                                         (abs)        000000
__CFG_WRTB$OFF                                         (abs)        000000
__CFG_WRTC$OFF                                         (abs)        000000
__CFG_WRTD$OFF                                         (abs)        000000
__HRAM                                                 (abs)        000000
__Habs1                                                abs1         000000
__Hbank0                                               bank0        000000
__Hbank1                                               bank1        000000
__Hbank2                                               bank2        000000
__Hbank3                                               bank3        000000
__Hbank4                                               bank4        000000
__Hbank5                                               bank5        000000
__Hbigbss                                              bigbss       000000
__Hbigdata                                             bigdata      000000
__Hbigram                                              bigram       000000
__Hbss                                                 bss          000000
__HbssBANK0                                            bssBANK0     000000
__HbssBANK1                                            bssBANK1     000000
__Hcinit                                               cinit        000000
__Hclrtext                                             clrtext      000000
__Hcomram                                              comram       000000
__Hconfig                                              config       30000E
__Hconst                                               const        000000
__HcstackBANK0                                         cstackBANK0  000000
__Hdata                                                data         000000
__HdataBANK1                                           dataBANK1    000000
__Heeprom_data                                         eeprom_data  000000
__Hfarbss                                              farbss       000000
__Hfardata                                             fardata      000000
__Hibigdata                                            ibigdata     000000
__Hidata                                               idata        000000
__HidataBANK1                                          idataBANK1   000000
__Hidloc                                               idloc        200008
__Hifardata                                            ifardata     000000
__Hinit                                                init         00002E
__Hintcode                                             intcode      000010
__Hintcode_body                                        intcode_body 000000
__Hintcodelo                                           intcodelo    00002A
__Hintentry                                            intentry     000000
__Hintret                                              intret       000000
__Hintsave_regs                                        intsave_regs 000000
__Hirdata                                              irdata       000000
__Hmediumconst                                         mediumconst  000000
__HnvFARRAM                                            nvFARRAM     000000
__Hnvbit                                               nvbit        000000
__Hnvrram                                              nvrram       000000
__Hparam                                               param0       000000
__Hparam0                                              param0       000000
__Hpowerup                                             powerup      00002A
__Hram                                                 ram          000000
__Hramtop                                              ramtop       000600
__Hrbit                                                rbit         000000
__Hrbss                                                rbss         000000
__Hrdata                                               rdata        000000
__Hreset_vec                                           reset_vec    000006
__Hsfr                                                 sfr          000000
__Hsmallconst                                          smallconst   000624
__Hspace_0                                             (abs)        30000E
__Hspace_1                                             (abs)        000174
__Hspace_2                                             (abs)        000000
__Hstack                                               stack        000000
__Hstruct                                              struct       000000
__Htemp                                                temp         000002
__Htext                                                text         000000
__Htext0                                               text0        000000
__Htext1                                               text1        000000
__Htext10                                              text10       000000
__Htext11                                              text11       000000
__Htext12                                              text12       000000
__Htext13                                              text13       000000
__Htext14                                              text14       000000
__Htext15                                              text15       000000
__Htext16                                              text16       000000
__Htext17                                              text17       000000
__Htext18                                              text18       000000
__Htext19                                              text19       000000
__Htext2                                               text2        000000
__Htext20                                              text20       000000
__Htext21                                              text21       000000
__Htext22                                              text22       000000
__Htext23                                              text23       000000
__Htext24                                              text24       000000
__Htext25                                              text25       000000
__Htext26                                              text26       000000
__Htext27                                              text27       000000
__Htext28                                              text28       000000
__Htext29                                              text29       000000
__Htext3                                               text3        000000
__Htext30                                              text30       000000
__Htext31                                              text31       000000
__Htext4                                               text4        000000
__Htext5                                               text5        000000
__Htext6                                               text6        000000
__Htext7                                               text7        000000
__Htext8                                               text8        000000
__Htext9                                               text9        000000
__LRAM                                                 (abs)        000001
__Labs1                                                abs1         000000
__Lbank0                                               bank0        000000
__Lbank1                                               bank1        000000
__Lbank2                                               bank2        000000
__Lbank3                                               bank3        000000
__Lbank4                                               bank4        000000
__Lbank5                                               bank5        000000
__Lbigbss                                              bigbss       000000
__Lbigdata                                             bigdata      000000
__Lbigram                                              bigram       000000
__Lbss                                                 bss          000000
__LbssBANK0                                            bssBANK0     000000
__LbssBANK1                                            bssBANK1     000000
__Lcinit                                               cinit        000000
__Lclrtext                                             clrtext      000000
__Lcomram                                              comram       000000
__Lconfig                                              config       300000
__Lconst                                               const        000000
__LcstackBANK0                                         cstackBANK0  000000
__Ldata                                                data         000000
__LdataBANK1                                           dataBANK1    000000
__Leeprom_data                                         eeprom_data  000000
__Lfarbss                                              farbss       000000
__Lfardata                                             fardata      000000
__Libigdata                                            ibigdata     000000
__Lidata                                               idata        000000
__LidataBANK1                                          idataBANK1   000000
__Lidloc                                               idloc        200000
__Lifardata                                            ifardata     000000
__Linit                                                init         00002A
__Lintcode                                             intcode      000008
__Lintcode_body                                        intcode_body 000000
__Lintcodelo                                           intcodelo    000018
__Lintentry                                            intentry     000000
__Lintret                                              intret       000000
__Lintsave_regs                                        intsave_regs 000000
__Lirdata                                              irdata       000000
__Lmediumconst                                         mediumconst  000000
__LnvFARRAM                                            nvFARRAM     000000
__Lnvbit                                               nvbit        000000
__Lnvrram                                              nvrram       000000
__Lparam                                               param0       000000
__Lparam0                                              param0       000000
__Lpowerup                                             powerup      00002A
__Lram                                                 ram          000000
__Lramtop                                              ramtop       000600
__Lrbit                                                rbit         000000
__Lrbss                                                rbss         000000
__Lrdata                                               rdata        000000
__Lreset_vec                                           reset_vec    000000
__Lsfr                                                 sfr          000000
__Lsmallconst                                          smallconst   000600
__Lspace_0                                             (abs)        000000
__Lspace_1                                             (abs)        000000
__Lspace_2                                             (abs)        000000
__Lstack                                               stack        000000
__Lstruct                                              struct       000000
__Ltemp                                                temp         000001
__Ltext                                                text         000000
__Ltext0                                               text0        000000
__Ltext1                                               text1        000000
__Ltext10                                              text10       000000
__Ltext11                                              text11       000000
__Ltext12                                              text12       000000
__Ltext13                                              text13       000000
__Ltext14                                              text14       000000
__Ltext15                                              text15       000000
__Ltext16                                              text16       000000
__Ltext17                                              text17       000000
__Ltext18                                              text18       000000
__Ltext19                                              text19       000000
__Ltext2                                               text2        000000
__Ltext20                                              text20       000000
__Ltext21                                              text21       000000
__Ltext22                                              text22       000000
__Ltext23                                              text23       000000
__Ltext24                                              text24       000000
__Ltext25                                              text25       000000
__Ltext26                                              text26       000000
__Ltext27                                              text27       000000
__Ltext28                                              text28       000000
__Ltext29                                              text29       000000
__Ltext3                                               text3        000000
__Ltext30                                              text30       000000
__Ltext31                                              text31       000000
__Ltext4                                               text4        000000
__Ltext5                                               text5        000000
__Ltext6                                               text6        000000
__Ltext7                                               text7        000000
__Ltext8                                               text8        000000
__Ltext9                                               text9        000000
__S0                                                   (abs)        30000E
__S1                                                   (abs)        000174
__S2                                                   (abs)        000000
___aodiv                                               text12       000B9A
___aodiv@counter                                       cstackBANK0  000077
___aodiv@dividend                                      cstackBANK0  000067
___aodiv@divisor                                       cstackBANK0  00006F
___aodiv@quotient                                      cstackBANK0  000079
___aodiv@sign                                          cstackBANK0  000078
___aomod                                               text11       000D50
___aomod@counter                                       cstackBANK0  000077
___aomod@dividend                                      cstackBANK0  000067
___aomod@divisor                                       cstackBANK0  00006F
___aomod@sign                                          cstackBANK0  000078
___awdiv                                               text31       0012E0
___awdiv@counter                                       cstackBANK0  00006B
___awdiv@dividend                                      cstackBANK0  000067
___awdiv@divisor                                       cstackBANK0  000069
___awdiv@quotient                                      cstackBANK0  00006D
___awdiv@sign                                          cstackBANK0  00006C
___inthi_sp                                            stack        000000
___intlo_sp                                            stack        000000
___lwdiv                                               text30       001770
___lwdiv@counter                                       cstackBANK0  00006D
___lwdiv@dividend                                      cstackBANK0  000067
___lwdiv@divisor                                       cstackBANK0  000069
___lwdiv@quotient                                      cstackBANK0  00006B
___param_bank                                          (abs)        000000
___rparam_used                                         (abs)        000000
___sp                                                  stack        000000
__accesstop                                            (abs)        000060
__activetblptr                                         (abs)        000003
__cntErrataNOP_C:\Users\tge\AppData\Local\Temp\s3mc.o  (abs)        000001
__cntErrataNOP_dist/default/debug\Lab4_Sonar.X.debug.o (abs)        000121
__end_of___aodiv                                       text12       000D50
__end_of___aomod                                       text11       000EE2
__end_of___awdiv                                       text31       0013D2
__end_of___lwdiv                                       text30       001800
__end_of__initialization                               cinit        001C9C
__end_of_abs                                           text10       001C1E
__end_of_dtoa                                          text4        0009A4
__end_of_fputc                                         text8        0014BE
__end_of_fputs                                         text7        001B1C
__end_of_high_isr                                      intcode_body 0011DA
__end_of_initialisation                                text29       001880
__end_of_lcd_busy                                      text27       001B78
__end_of_lcd_cacheCurseur                              text23       001D90
__end_of_lcd_curseurHome                               text18       001D84
__end_of_lcd_ecrireDonnees                             text26       0019EC
__end_of_lcd_ecritChar                                 text14       001974
__end_of_lcd_effaceChar                                text21       001D22
__end_of_lcd_effaceLigne                               text19       001D78
__end_of_lcd_gotoXY                                    text20       001770
__end_of_lcd_init                                      text15       001D54
__end_of_lcd_initCGRam                                 text17       00163C
__end_of_lcd_lireDonnees                               text28       001DA6
__end_of_lcd_putMessage                                text13       001582
__end_of_lcd_resetSequence                             text16       001A5A
__end_of_lcd_strobeEnableBit                           text25       001D9C
__end_of_lcd_wrCom                                     text24       0016D8
__end_of_lcd_wrData                                    text22       001BD0
__end_of_low_isr                                       intcodelo    00002A
__end_of_main                                          text0        001062
__end_of_pad                                           text5        0012E0
__end_of_putch                                         text9        001DAC
__end_of_sprintf                                       text1        001AC0
__end_of_strlen                                        text6        001C64
__end_of_vfpfcnvrt                                     text3        000B9A
__end_of_vfprintf                                      text2        0018FA
__initialization                                       cinit        001C64
__mediumconst                                          mediumconst  000000
__pbssBANK0                                            bssBANK0     0000E6
__pbssBANK1                                            bssBANK1     000140
__pcinit                                               cinit        001C64
__pcstackBANK0                                         cstackBANK0  000060
__pdataBANK1                                           dataBANK1    000100
__pidataBANK1                                          idataBANK1   001CA6
__pintcode                                             intcode      000008
__pintcode_body                                        intcode_body 001062
__pintcodelo                                           intcodelo    000018
__psmallconst                                          smallconst   000600
__ptext0                                               text0        000EE2
__ptext1                                               text1        001A5A
__ptext10                                              text10       001BD0
__ptext11                                              text11       000D50
__ptext12                                              text12       000B9A
__ptext13                                              text13       0014BE
__ptext14                                              text14       0018FA
__ptext15                                              text15       001D22
__ptext16                                              text16       0019EC
__ptext17                                              text17       001582
__ptext18                                              text18       001D78
__ptext19                                              text19       001D54
__ptext2                                               text2        001880
__ptext20                                              text20       0016D8
__ptext21                                              text21       001CE6
__ptext22                                              text22       001B78
__ptext23                                              text23       001D84
__ptext24                                              text24       00163C
__ptext25                                              text25       001D90
__ptext26                                              text26       001974
__ptext27                                              text27       001B1C
__ptext28                                              text28       001D9C
__ptext29                                              text29       001800
__ptext3                                               text3        0009A4
__ptext30                                              text30       001770
__ptext31                                              text31       0012E0
__ptext4                                               text4        000624
__ptext5                                               text5        0011DA
__ptext6                                               text6        001C1E
__ptext7                                               text7        001AC0
__ptext8                                               text8        0013D2
__ptext9                                               text9        001DA6
__ramtop                                               ramtop       000600
__size_of___aodiv                                      (abs)        000000
__size_of___aomod                                      (abs)        000000
__size_of___awdiv                                      (abs)        000000
__size_of___lwdiv                                      (abs)        000000
__size_of_abs                                          (abs)        000000
__size_of_dtoa                                         (abs)        000000
__size_of_fputc                                        (abs)        000000
__size_of_fputs                                        (abs)        000000
__size_of_high_isr                                     (abs)        000000
__size_of_initialisation                               (abs)        000000
__size_of_lcd_busy                                     (abs)        000000
__size_of_lcd_cacheCurseur                             (abs)        000000
__size_of_lcd_curseurHome                              (abs)        000000
__size_of_lcd_ecrireDonnees                            (abs)        000000
__size_of_lcd_ecritChar                                (abs)        000000
__size_of_lcd_effaceChar                               (abs)        000000
__size_of_lcd_effaceLigne                              (abs)        000000
__size_of_lcd_gotoXY                                   (abs)        000000
__size_of_lcd_init                                     (abs)        000000
__size_of_lcd_initCGRam                                (abs)        000000
__size_of_lcd_lireDonnees                              (abs)        000000
__size_of_lcd_putMessage                               (abs)        000000
__size_of_lcd_resetSequence                            (abs)        000000
__size_of_lcd_strobeEnableBit                          (abs)        000000
__size_of_lcd_wrCom                                    (abs)        000000
__size_of_lcd_wrData                                   (abs)        000000
__size_of_low_isr                                      (abs)        000000
__size_of_main                                         (abs)        000000
__size_of_pad                                          (abs)        000000
__size_of_putch                                        (abs)        000000
__size_of_sprintf                                      (abs)        000000
__size_of_strlen                                       (abs)        000000
__size_of_vfpfcnvrt                                    (abs)        000000
__size_of_vfprintf                                     (abs)        000000
__smallconst                                           smallconst   000600
_abs                                                   text10       001BD0
_dbuf                                                  bssBANK1     000154
_dtoa                                                  text4        000624
_dtoa$1379                                             cstackBANK0  000094
_flags                                                 bssBANK0     0000EC
_fputc                                                 text8        0013D2
_fputs                                                 text7        001AC0
_g_compteEcho                                          bssBANK0     0000F0
_g_echo                                                bssBANK1     000140
_high_isr                                              intcode      000008
_initialisation                                        text29       001800
_lcd_busy                                              text27       001B1C
_lcd_cacheCurseur                                      text23       001D84
_lcd_curseurHome                                       text18       001D78
_lcd_ecrireDonnees                                     text26       001974
_lcd_ecritChar                                         text14       0018FA
_lcd_effaceChar                                        text21       001CE6
_lcd_effaceLigne                                       text19       001D54
_lcd_gotoXY                                            text20       0016D8
_lcd_init                                              text15       001D22
_lcd_initCGRam                                         text17       001582
_lcd_lireDonnees                                       text28       001D9C
_lcd_putMessage                                        text13       0014BE
_lcd_resetSequence                                     text16       0019EC
_lcd_strobeEnableBit                                   text25       001D90
_lcd_wrCom                                             text24       00163C
_lcd_wrData                                            text22       001B78
_low_isr                                               intcodelo    000018
_main                                                  text0        000EE2
_matCGRAM                                              dataBANK1    000100
_nout                                                  bssBANK0     0000E6
_pad                                                   text5        0011DA
_prec                                                  bssBANK0     0000EA
_putch                                                 text9        001DA6
_sprintf                                               text1        001A5A
_strlen                                                text6        001C1E
_vfpfcnvrt                                             text3        0009A4
_vfprintf                                              text2        001880
_width                                                 bssBANK0     0000E8
abs@a                                                  cstackBANK0  000079
btemp                                                  temp         000001
dtoa@d                                                 cstackBANK0  000084
dtoa@fp                                                cstackBANK0  000082
dtoa@i                                                 cstackBANK0  0000A4
dtoa@n                                                 cstackBANK0  00009C
dtoa@p                                                 cstackBANK0  000096
dtoa@s                                                 cstackBANK0  00009A
dtoa@w                                                 cstackBANK0  000098
end_of_initialization                                  cinit        001C9C
fputc@c                                                cstackBANK0  000067
fputc@fp                                               cstackBANK0  000069
fputs@c                                                cstackBANK0  000074
fputs@fp                                               cstackBANK0  000072
fputs@i                                                cstackBANK0  000075
fputs@s                                                cstackBANK0  000070
high_isr@i                                             cstackBANK0  000064
high_isr@t1                                            bssBANK0     0000EE
int$flags                                              temp         000001
int_func                                               intcode_body 001062
intlevel0                                              text         001DAC
intlevel1                                              text         001DAC
intlevel2                                              text         001DAC
intlevel3                                              text         001DAC
lcd_busy@adresse                                       cstackBANK0  000068
lcd_ecrireDonnees@donnee                               cstackBANK0  000068
lcd_ecritChar@car                                      cstackBANK0  00006D
lcd_ecritChar@posRam                                   cstackBANK0  00006E
lcd_effaceChar@i                                       cstackBANK0  00006B
lcd_effaceChar@nbr                                     cstackBANK0  00006A
lcd_effaceLigne@y                                      cstackBANK0  00006F
lcd_gotoXY@x                                           cstackBANK0  00006E
lcd_gotoXY@y                                           cstackBANK0  00006B
lcd_initCGRam@i                                        cstackBANK0  00006D
lcd_initCGRam@j                                        cstackBANK0  00006E
lcd_putMessage@chaine                                  cstackBANK0  00006F
lcd_putMessage@j                                       cstackBANK0  000077
lcd_wrCom@commande                                     cstackBANK0  00006A
lcd_wrData@caractere                                   cstackBANK0  000069
main@dist_mm                                           cstackBANK0  0000E2
main@i                                                 cstackBANK0  0000E4
main@message                                           cstackBANK0  0000CE
pad@buf                                                cstackBANK0  000079
pad@fp                                                 cstackBANK0  000077
pad@i                                                  cstackBANK0  00007E
pad@p                                                  cstackBANK0  00007B
pad@w                                                  cstackBANK0  000080
sprintf@ap                                             cstackBANK0  0000C6
sprintf@f                                              cstackBANK0  0000C8
sprintf@fmt                                            cstackBANK0  0000C0
sprintf@ret                                            cstackBANK0  0000C4
sprintf@s                                              cstackBANK0  0000BE
stackhi                                                (abs)        0005F3
stacklo                                                (abs)        000174
start                                                  init         00002A
start_initialization                                   cinit        001C64
strlen@a                                               cstackBANK0  000069
strlen@s                                               cstackBANK0  000067
ttemp5                                                 temp         000002
ttemp6                                                 temp         000005
ttemp7                                                 temp         000009
vfpfcnvrt@ap                                           cstackBANK0  0000AA
vfpfcnvrt@fmt                                          cstackBANK0  0000A8
vfpfcnvrt@fp                                           cstackBANK0  0000A6
vfpfcnvrt@ll                                           cstackBANK0  0000AE
vfprintf@ap                                            cstackBANK0  0000BA
vfprintf@cfmt                                          cstackBANK0  0000BC
vfprintf@fmt                                           cstackBANK0  0000B8
vfprintf@fp                                            cstackBANK0  0000B6
wtemp8                                                 temp         000002


FUNCTION INFORMATION:

 *************** function _main *****************
 Defined at:
		line 22 in file "main.c"
 Parameters:    Size  Location     Type
		None
 Auto vars:     Size  Location     Type
  message        20  110[BANK0 ] unsigned char [20]
  i               2  132[BANK0 ] int 
  dist_mm         2  130[BANK0 ] int 
 Return value:  Size  Location     Type
                  1    wreg      void 
 Registers used:
		wreg, fsr1l, fsr1h, fsr2l, fsr2h, status,2, status,0, tblptrl, tblptrh, tblptru, prodl, prodh, cstack
 Tracked objects:
		On entry : 
		On exit  : 
		Unchanged: 
 Data sizes:     COMRAM   BANK0   BANK2   BANK3   BANK4   BANK1   BANK5
      Params:         0       0       0       0       0       0       0
      Locals:         0      24       0       0       0       0       0
      Temps:          0       0       0       0       0       0       0
      Totals:         0      24       0       0       0       0       0
Total ram usage:       24 bytes
 Hardware stack levels required when called:   10
 This function calls:
		___awdiv
		___lwdiv
		_initialisation
		_lcd_cacheCurseur
		_lcd_effaceLigne
		_lcd_gotoXY
		_lcd_init
		_lcd_putMessage
		_sprintf
 This function is called by:
		Startup code after reset
 This function uses a non-reentrant model


 *************** function _sprintf *****************
 Defined at:
		line 9 in file "C:\Program Files (x86)\Microchip\xc8\v2.10\pic\sources\c99\common\nf_sprintf.c"
 Parameters:    Size  Location     Type
  s               2   94[BANK0 ] PTR unsigned char 
		 -> main@message(20), 
  fmt             2   96[BANK0 ] PTR const unsigned char 
		 -> STR_2(14), 
 Auto vars:     Size  Location     Type
  f               6  104[BANK0 ] struct _IO_FILE
  ap              2  102[BANK0 ] PTR void [1]
		 -> ?_sprintf(2), 
  ret             2  100[BANK0 ] int 
 Return value:  Size  Location     Type
                  2   94[BANK0 ] int 
 Registers used:
		wreg, fsr1l, fsr1h, fsr2l, fsr2h, status,2, status,0, tblptrl, tblptrh, tblptru, cstack
 Tracked objects:
		On entry : 
		On exit  : 
		Unchanged: 
 Data sizes:     COMRAM   BANK0   BANK2   BANK3   BANK4   BANK1   BANK5
      Params:         0       6       0       0       0       0       0
      Locals:         0      10       0       0       0       0       0
      Temps:          0       0       0       0       0       0       0
      Totals:         0      16       0       0       0       0       0
Total ram usage:       16 bytes
 Hardware stack levels used:    1
 Hardware stack levels required when called:    9
 This function calls:
		_vfprintf
 This function is called by:
		_main
 This function uses a non-reentrant model


 *************** function _vfprintf *****************
 Defined at:
		line 1368 in file "C:\Program Files (x86)\Microchip\xc8\v2.10\pic\sources\c99\common\doprnt.c"
 Parameters:    Size  Location     Type
  fp              2   86[BANK0 ] PTR struct _IO_FILE
		 -> sprintf@f(6), 
  fmt             2   88[BANK0 ] PTR const unsigned char 
		 -> STR_2(14), 
  ap              2   90[BANK0 ] PTR PTR void 
		 -> sprintf@ap(2), 
 Auto vars:     Size  Location     Type
  cfmt            2   92[BANK0 ] PTR unsigned char 
		 -> STR_2(14), 
 Return value:  Size  Location     Type
                  2   86[BANK0 ] int 
 Registers used:
		wreg, fsr1l, fsr1h, fsr2l, fsr2h, status,2, status,0, tblptrl, tblptrh, tblptru, cstack
 Tracked objects:
		On entry : 
		On exit  : 
		Unchanged: 
 Data sizes:     COMRAM   BANK0   BANK2   BANK3   BANK4   BANK1   BANK5
      Params:         0       6       0       0       0       0       0
      Locals:         0       2       0       0       0       0       0
      Temps:          0       0       0       0       0       0       0
      Totals:         0       8       0       0       0       0       0
Total ram usage:        8 bytes
 Hardware stack levels used:    1
 Hardware stack levels required when called:    8
 This function calls:
		_vfpfcnvrt
 This function is called by:
		_sprintf
 This function uses a non-reentrant model


 *************** function _vfpfcnvrt *****************
 Defined at:
		line 670 in file "C:\Program Files (x86)\Microchip\xc8\v2.10\pic\sources\c99\common\doprnt.c"
 Parameters:    Size  Location     Type
  fp              2   70[BANK0 ] PTR struct _IO_FILE
		 -> sprintf@f(6), 
  fmt             2   72[BANK0 ] PTR PTR unsigned char 
		 -> vfprintf@cfmt(2), 
  ap              2   74[BANK0 ] PTR PTR void 
		 -> sprintf@ap(2), 
 Auto vars:     Size  Location     Type
  ll              8   78[BANK0 ] long long 
  llu             8    0        unsigned long long 
  f               4    0        unsigned long long 
  vp              3    0        PTR void 
  ct              3    0        unsigned char [3]
  cp              3    0        PTR unsigned char 
  i               2    0        int 
  done            2    0        int 
  c               1    0        unsigned char 
 Return value:  Size  Location     Type
                  2   70[BANK0 ] int 
 Registers used:
		wreg, fsr1l, fsr1h, fsr2l, fsr2h, status,2, status,0, tblptrl, tblptrh, tblptru, cstack
 Tracked objects:
		On entry : 
		On exit  : 
		Unchanged: 
 Data sizes:     COMRAM   BANK0   BANK2   BANK3   BANK4   BANK1   BANK5
      Params:         0       6       0       0       0       0       0
      Locals:         0       8       0       0       0       0       0
      Temps:          0       2       0       0       0       0       0
      Totals:         0      16       0       0       0       0       0
Total ram usage:       16 bytes
 Hardware stack levels used:    1
 Hardware stack levels required when called:    7
 This function calls:
		_dtoa
		_fputc
 This function is called by:
		_vfprintf
 This function uses a non-reentrant model


 *************** function _dtoa *****************
 Defined at:
		line 274 in file "C:\Program Files (x86)\Microchip\xc8\v2.10\pic\sources\c99\common\doprnt.c"
 Parameters:    Size  Location     Type
  fp              2   34[BANK0 ] PTR struct _IO_FILE
		 -> sprintf@f(6), 
  d               8   36[BANK0 ] long long 
 Auto vars:     Size  Location     Type
  n               8   60[BANK0 ] long long 
  i               2   68[BANK0 ] int 
  s               2   58[BANK0 ] int 
  w               2   56[BANK0 ] int 
  p               2   54[BANK0 ] int 
 Return value:  Size  Location     Type
                  2   34[BANK0 ] int 
 Registers used:
		wreg, fsr1l, fsr1h, fsr2l, fsr2h, status,2, status,0, cstack
 Tracked objects:
		On entry : 
		On exit  : 
		Unchanged: 
 Data sizes:     COMRAM   BANK0   BANK2   BANK3   BANK4   BANK1   BANK5
      Params:         0      10       0       0       0       0       0
      Locals:         0      18       0       0       0       0       0
      Temps:          0       8       0       0       0       0       0
      Totals:         0      36       0       0       0       0       0
Total ram usage:       36 bytes
 Hardware stack levels used:    1
 Hardware stack levels required when called:    6
 This function calls:
		___aodiv
		___aomod
		_abs
		_pad
 This function is called by:
		_vfpfcnvrt
 This function uses a non-reentrant model


 *************** function _pad *****************
 Defined at:
		line 72 in file "C:\Program Files (x86)\Microchip\xc8\v2.10\pic\sources\c99\common\doprnt.c"
 Parameters:    Size  Location     Type
  fp              2   23[BANK0 ] PTR struct _IO_FILE
		 -> sprintf@f(6), 
  buf             2   25[BANK0 ] PTR unsigned char 
		 -> dbuf(32), 
  p               2   27[BANK0 ] int 
 Auto vars:     Size  Location     Type
  w               2   32[BANK0 ] int 
  i               2   30[BANK0 ] int 
 Return value:  Size  Location     Type
                  2   23[BANK0 ] int 
 Registers used:
		wreg, fsr1l, fsr1h, fsr2l, fsr2h, status,2, status,0, cstack
 Tracked objects:
		On entry : 
		On exit  : 
		Unchanged: 
 Data sizes:     COMRAM   BANK0   BANK2   BANK3   BANK4   BANK1   BANK5
      Params:         0       6       0       0       0       0       0
      Locals:         0       4       0       0       0       0       0
      Temps:          0       1       0       0       0       0       0
      Totals:         0      11       0       0       0       0       0
Total ram usage:       11 bytes
 Hardware stack levels used:    1
 Hardware stack levels required when called:    5
 This function calls:
		_fputc
		_fputs
		_strlen
 This function is called by:
		_dtoa
 This function uses a non-reentrant model


 *************** function _strlen *****************
 Defined at:
		line 5 in file "C:\Program Files (x86)\Microchip\xc8\v2.10\pic\sources\c99\common\strlen.c"
 Parameters:    Size  Location     Type
  s               2    7[BANK0 ] PTR const unsigned char 
		 -> dbuf(32), 
 Auto vars:     Size  Location     Type
  a               2    9[BANK0 ] PTR const unsigned char 
		 -> dbuf(32), 
 Return value:  Size  Location     Type
                  2    7[BANK0 ] unsigned int 
 Registers used:
		wreg, fsr2l, fsr2h, status,2, status,0
 Tracked objects:
		On entry : 
		On exit  : 
		Unchanged: 
 Data sizes:     COMRAM   BANK0   BANK2   BANK3   BANK4   BANK1   BANK5
      Params:         0       2       0       0       0       0       0
      Locals:         0       2       0       0       0       0       0
      Temps:          0       0       0       0       0       0       0
      Totals:         0       4       0       0       0       0       0
Total ram usage:        4 bytes
 Hardware stack levels used:    1
 Hardware stack levels required when called:    2
 This function calls:
		Nothing
 This function is called by:
		_pad
 This function uses a non-reentrant model


 *************** function _fputs *****************
 Defined at:
		line 8 in file "C:\Program Files (x86)\Microchip\xc8\v2.10\pic\sources\c99\common\nf_fputs.c"
 Parameters:    Size  Location     Type
  s               2   16[BANK0 ] PTR const unsigned char 
		 -> dbuf(32), 
  fp              2   18[BANK0 ] PTR struct _IO_FILE
		 -> sprintf@f(6), 
 Auto vars:     Size  Location     Type
  i               2   21[BANK0 ] int 
  c               1   20[BANK0 ] unsigned char 
 Return value:  Size  Location     Type
                  2   16[BANK0 ] int 
 Registers used:
		wreg, fsr1l, fsr1h, fsr2l, fsr2h, status,2, status,0, cstack
 Tracked objects:
		On entry : 
		On exit  : 
		Unchanged: 
 Data sizes:     COMRAM   BANK0   BANK2   BANK3   BANK4   BANK1   BANK5
      Params:         0       4       0       0       0       0       0
      Locals:         0       3       0       0       0       0       0
      Temps:          0       0       0       0       0       0       0
      Totals:         0       7       0       0       0       0       0
Total ram usage:        7 bytes
 Hardware stack levels used:    1
 Hardware stack levels required when called:    4
 This function calls:
		_fputc
 This function is called by:
		_pad
 This function uses a non-reentrant model


 *************** function _fputc *****************
 Defined at:
		line 8 in file "C:\Program Files (x86)\Microchip\xc8\v2.10\pic\sources\c99\common\nf_fputc.c"
 Parameters:    Size  Location     Type
  c               2    7[BANK0 ] int 
  fp              2    9[BANK0 ] PTR struct _IO_FILE
		 -> sprintf@f(6), 
 Auto vars:     Size  Location     Type
		None
 Return value:  Size  Location     Type
                  2    7[BANK0 ] int 
 Registers used:
		wreg, fsr1l, fsr1h, fsr2l, fsr2h, status,2, status,0, cstack
 Tracked objects:
		On entry : 
		On exit  : 
		Unchanged: 
 Data sizes:     COMRAM   BANK0   BANK2   BANK3   BANK4   BANK1   BANK5
      Params:         0       4       0       0       0       0       0
      Locals:         0       0       0       0       0       0       0
      Temps:          0       5       0       0       0       0       0
      Totals:         0       9       0       0       0       0       0
Total ram usage:        9 bytes
 Hardware stack levels used:    1
 Hardware stack levels required when called:    3
 This function calls:
		_putch
 This function is called by:
		_pad
		_vfpfcnvrt
		_fputs
 This function uses a non-reentrant model


 *************** function _putch *****************
 Defined at:
		line 7 in file "C:\Program Files (x86)\Microchip\xc8\v2.10\pic\sources\c99\common\putch.c"
 Parameters:    Size  Location     Type
  c               1    wreg     unsigned char 
 Auto vars:     Size  Location     Type
  c               1    0[BANK0 ] unsigned char 
 Return value:  Size  Location     Type
                  1    wreg      void 
 Registers used:
		wreg
 Tracked objects:
		On entry : 
		On exit  : 
		Unchanged: 
 Data sizes:     COMRAM   BANK0   BANK2   BANK3   BANK4   BANK1   BANK5
      Params:         0       0       0       0       0       0       0
      Locals:         0       0       0       0       0       0       0
      Temps:          0       0       0       0       0       0       0
      Totals:         0       0       0       0       0       0       0
Total ram usage:        0 bytes
 Hardware stack levels used:    1
 Hardware stack levels required when called:    2
 This function calls:
		Nothing
 This function is called by:
		_fputc
 This function uses a non-reentrant model


 *************** function _abs *****************
 Defined at:
		line 1 in file "C:\Program Files (x86)\Microchip\xc8\v2.10\pic\sources\c99\common\abs.c"
 Parameters:    Size  Location     Type
  a               2   25[BANK0 ] int 
 Auto vars:     Size  Location     Type
		None
 Return value:  Size  Location     Type
                  2   25[BANK0 ] int 
 Registers used:
		wreg, status,2, status,0
 Tracked objects:
		On entry : 
		On exit  : 
		Unchanged: 
 Data sizes:     COMRAM   BANK0   BANK2   BANK3   BANK4   BANK1   BANK5
      Params:         0       2       0       0       0       0       0
      Locals:         0       0       0       0       0       0       0
      Temps:          0       2       0       0       0       0       0
      Totals:         0       4       0       0       0       0       0
Total ram usage:        4 bytes
 Hardware stack levels used:    1
 Hardware stack levels required when called:    2
 This function calls:
		Nothing
 This function is called by:
		_dtoa
 This function uses a non-reentrant model


 *************** function ___aomod *****************
 Defined at:
		line 9 in file "C:\Program Files (x86)\Microchip\xc8\v2.10\pic\sources\c99\common\aomod.c"
 Parameters:    Size  Location     Type
  dividend        8    7[BANK0 ] long long 
  divisor         8   15[BANK0 ] long long 
 Auto vars:     Size  Location     Type
  sign            1   24[BANK0 ] unsigned char 
  counter         1   23[BANK0 ] unsigned char 
 Return value:  Size  Location     Type
                  8    7[BANK0 ] long long 
 Registers used:
		wreg, status,2, status,0
 Tracked objects:
		On entry : 
		On exit  : 
		Unchanged: 
 Data sizes:     COMRAM   BANK0   BANK2   BANK3   BANK4   BANK1   BANK5
      Params:         0      16       0       0       0       0       0
      Locals:         0       2       0       0       0       0       0
      Temps:          0       0       0       0       0       0       0
      Totals:         0      18       0       0       0       0       0
Total ram usage:       18 bytes
 Hardware stack levels used:    1
 Hardware stack levels required when called:    2
 This function calls:
		Nothing
 This function is called by:
		_dtoa
 This function uses a non-reentrant model


 *************** function ___aodiv *****************
 Defined at:
		line 9 in file "C:\Program Files (x86)\Microchip\xc8\v2.10\pic\sources\c99\common\aodiv.c"
 Parameters:    Size  Location     Type
  dividend        8    7[BANK0 ] long long 
  divisor         8   15[BANK0 ] long long 
 Auto vars:     Size  Location     Type
  quotient        8   25[BANK0 ] long long 
  sign            1   24[BANK0 ] unsigned char 
  counter         1   23[BANK0 ] unsigned char 
 Return value:  Size  Location     Type
                  8    7[BANK0 ] long long 
 Registers used:
		wreg, fsr2l, fsr2h, status,2, status,0
 Tracked objects:
		On entry : 
		On exit  : 
		Unchanged: 
 Data sizes:     COMRAM   BANK0   BANK2   BANK3   BANK4   BANK1   BANK5
      Params:         0      16       0       0       0       0       0
      Locals:         0      10       0       0       0       0       0
      Temps:          0       0       0       0       0       0       0
      Totals:         0      26       0       0       0       0       0
Total ram usage:       26 bytes
 Hardware stack levels used:    1
 Hardware stack levels required when called:    2
 This function calls:
		Nothing
 This function is called by:
		_dtoa
 This function uses a non-reentrant model


 *************** function _lcd_putMessage *****************
 Defined at:
		line 385 in file "Lcd4Lignes.c"
 Parameters:    Size  Location     Type
  chaine          3   15[BANK0 ] PTR const unsigned char 
		 -> STR_3(3), main@message(20), STR_1(16), 
 Auto vars:     Size  Location     Type
  j               1   23[BANK0 ] unsigned char 
 Return value:  Size  Location     Type
                  1    wreg      void 
 Registers used:
		wreg, fsr1l, fsr1h, status,2, status,0, tblptrl, tblptrh, tblptru, cstack
 Tracked objects:
		On entry : 
		On exit  : 
		Unchanged: 
 Data sizes:     COMRAM   BANK0   BANK2   BANK3   BANK4   BANK1   BANK5
      Params:         0       3       0       0       0       0       0
      Locals:         0       1       0       0       0       0       0
      Temps:          0       5       0       0       0       0       0
      Totals:         0       9       0       0       0       0       0
Total ram usage:        9 bytes
 Hardware stack levels used:    1
 Hardware stack levels required when called:    6
 This function calls:
		_lcd_ecritChar
 This function is called by:
		_main
 This function uses a non-reentrant model


 *************** function _lcd_ecritChar *****************
 Defined at:
		line 357 in file "Lcd4Lignes.c"
 Parameters:    Size  Location     Type
  car             1    wreg     unsigned char 
 Auto vars:     Size  Location     Type
  car             1   13[BANK0 ] unsigned char 
  posRam          1   14[BANK0 ] unsigned char 
 Return value:  Size  Location     Type
                  1    wreg      void 
 Registers used:
		wreg, status,2, status,0, cstack
 Tracked objects:
		On entry : 
		On exit  : 
		Unchanged: 
 Data sizes:     COMRAM   BANK0   BANK2   BANK3   BANK4   BANK1   BANK5
      Params:         0       0       0       0       0       0       0
      Locals:         0       2       0       0       0       0       0
      Temps:          0       2       0       0       0       0       0
      Totals:         0       4       0       0       0       0       0
Total ram usage:        4 bytes
 Hardware stack levels used:    1
 Hardware stack levels required when called:    5
 This function calls:
		_lcd_wrCom
		_lcd_wrData
 This function is called by:
		_lcd_putMessage
 This function uses a non-reentrant model


 *************** function _lcd_init *****************
 Defined at:
		line 256 in file "Lcd4Lignes.c"
 Parameters:    Size  Location     Type
		None
 Auto vars:     Size  Location     Type
		None
 Return value:  Size  Location     Type
                  1    wreg      void 
 Registers used:
		wreg, fsr2l, fsr2h, status,2, status,0, prodl, prodh, cstack
 Tracked objects:
		On entry : 
		On exit  : 
		Unchanged: 
 Data sizes:     COMRAM   BANK0   BANK2   BANK3   BANK4   BANK1   BANK5
      Params:         0       0       0       0       0       0       0
      Locals:         0       0       0       0       0       0       0
      Temps:          0       0       0       0       0       0       0
      Totals:         0       0       0       0       0       0       0
Total ram usage:        0 bytes
 Hardware stack levels used:    1
 Hardware stack levels required when called:    7
 This function calls:
		_lcd_initCGRam
		_lcd_resetSequence
		_lcd_wrCom
 This function is called by:
		_main
 This function uses a non-reentrant model


 *************** function _lcd_resetSequence *****************
 Defined at:
		line 219 in file "Lcd4Lignes.c"
 Parameters:    Size  Location     Type
		None
 Auto vars:     Size  Location     Type
		None
 Return value:  Size  Location     Type
                  1    wreg      void 
 Registers used:
		wreg, status,2, status,0, cstack
 Tracked objects:
		On entry : 
		On exit  : 
		Unchanged: 
 Data sizes:     COMRAM   BANK0   BANK2   BANK3   BANK4   BANK1   BANK5
      Params:         0       0       0       0       0       0       0
      Locals:         0       0       0       0       0       0       0
      Temps:          0       1       0       0       0       0       0
      Totals:         0       1       0       0       0       0       0
Total ram usage:        1 bytes
 Hardware stack levels used:    1
 Hardware stack levels required when called:    3
 This function calls:
		_lcd_ecrireDonnees
		_lcd_strobeEnableBit
 This function is called by:
		_lcd_init
 This function uses a non-reentrant model


 *************** function _lcd_initCGRam *****************
 Defined at:
		line 415 in file "Lcd4Lignes.c"
 Parameters:    Size  Location     Type
		None
 Auto vars:     Size  Location     Type
  j               1   14[BANK0 ] unsigned char 
  i               1   13[BANK0 ] unsigned char 
 Return value:  Size  Location     Type
                  1    wreg      void 
 Registers used:
		wreg, fsr2l, fsr2h, status,2, status,0, prodl, prodh, cstack
 Tracked objects:
		On entry : 
		On exit  : 
		Unchanged: 
 Data sizes:     COMRAM   BANK0   BANK2   BANK3   BANK4   BANK1   BANK5
      Params:         0       0       0       0       0       0       0
      Locals:         0       2       0       0       0       0       0
      Temps:          0       2       0       0       0       0       0
      Totals:         0       4       0       0       0       0       0
Total ram usage:        4 bytes
 Hardware stack levels used:    1
 Hardware stack levels required when called:    6
 This function calls:
		_lcd_curseurHome
		_lcd_wrCom
		_lcd_wrData
 This function is called by:
		_lcd_init
 This function uses a non-reentrant model


 *************** function _lcd_curseurHome *****************
 Defined at:
		line 286 in file "Lcd4Lignes.c"
 Parameters:    Size  Location     Type
		None
 Auto vars:     Size  Location     Type
		None
 Return value:  Size  Location     Type
                  1    wreg      void 
 Registers used:
		wreg, status,2, status,0, cstack
 Tracked objects:
		On entry : 
		On exit  : 
		Unchanged: 
 Data sizes:     COMRAM   BANK0   BANK2   BANK3   BANK4   BANK1   BANK5
      Params:         0       0       0       0       0       0       0
      Locals:         0       0       0       0       0       0       0
      Temps:          0       0       0       0       0       0       0
      Totals:         0       0       0       0       0       0       0
Total ram usage:        0 bytes
 Hardware stack levels used:    1
 Hardware stack levels required when called:    5
 This function calls:
		_lcd_wrCom
 This function is called by:
		_lcd_initCGRam
 This function uses a non-reentrant model


 *************** function _lcd_effaceLigne *****************
 Defined at:
		line 337 in file "Lcd4Lignes.c"
 Parameters:    Size  Location     Type
  y               1    wreg     unsigned char 
 Auto vars:     Size  Location     Type
  y               1   15[BANK0 ] unsigned char 
 Return value:  Size  Location     Type
                  1    wreg      void 
 Registers used:
		wreg, status,2, status,0, cstack
 Tracked objects:
		On entry : 
		On exit  : 
		Unchanged: 
 Data sizes:     COMRAM   BANK0   BANK2   BANK3   BANK4   BANK1   BANK5
      Params:         0       0       0       0       0       0       0
      Locals:         0       1       0       0       0       0       0
      Temps:          0       0       0       0       0       0       0
      Totals:         0       1       0       0       0       0       0
Total ram usage:        1 bytes
 Hardware stack levels used:    1
 Hardware stack levels required when called:    6
 This function calls:
		_lcd_effaceChar
		_lcd_gotoXY
 This function is called by:
		_main
 This function uses a non-reentrant model


 *************** function _lcd_gotoXY *****************
 Defined at:
		line 312 in file "Lcd4Lignes.c"
 Parameters:    Size  Location     Type
  x               1    wreg     unsigned char 
  y               1   11[BANK0 ] unsigned char 
 Auto vars:     Size  Location     Type
  x               1   14[BANK0 ] unsigned char 
 Return value:  Size  Location     Type
                  1    wreg      void 
 Registers used:
		wreg, status,2, status,0, cstack
 Tracked objects:
		On entry : 
		On exit  : 
		Unchanged: 
 Data sizes:     COMRAM   BANK0   BANK2   BANK3   BANK4   BANK1   BANK5
      Params:         0       1       0       0       0       0       0
      Locals:         0       1       0       0       0       0       0
      Temps:          0       2       0       0       0       0       0
      Totals:         0       4       0       0       0       0       0
Total ram usage:        4 bytes
 Hardware stack levels used:    1
 Hardware stack levels required when called:    5
 This function calls:
		_lcd_wrCom
 This function is called by:
		_main
		_lcd_effaceLigne
 This function uses a non-reentrant model


 *************** function _lcd_effaceChar *****************
 Defined at:
		line 298 in file "Lcd4Lignes.c"
 Parameters:    Size  Location     Type
  nbr             1    wreg     unsigned char 
 Auto vars:     Size  Location     Type
  nbr             1   10[BANK0 ] unsigned char 
  i               1   11[BANK0 ] unsigned char 
 Return value:  Size  Location     Type
                  1    wreg      void 
 Registers used:
		wreg, status,2, status,0, cstack
 Tracked objects:
		On entry : 
		On exit  : 
		Unchanged: 
 Data sizes:     COMRAM   BANK0   BANK2   BANK3   BANK4   BANK1   BANK5
      Params:         0       0       0       0       0       0       0
      Locals:         0       2       0       0       0       0       0
      Temps:          0       0       0       0       0       0       0
      Totals:         0       2       0       0       0       0       0
Total ram usage:        2 bytes
 Hardware stack levels used:    1
 Hardware stack levels required when called:    5
 This function calls:
		_lcd_wrData
 This function is called by:
		_lcd_effaceLigne
 This function uses a non-reentrant model


 *************** function _lcd_wrData *****************
 Defined at:
		line 186 in file "Lcd4Lignes.c"
 Parameters:    Size  Location     Type
  caractere       1    wreg     unsigned char 
 Auto vars:     Size  Location     Type
  caractere       1    9[BANK0 ] unsigned char 
 Return value:  Size  Location     Type
                  1    wreg      unsigned char 
 Registers used:
		wreg, status,2, status,0, cstack
 Tracked objects:
		On entry : 
		On exit  : 
		Unchanged: 
 Data sizes:     COMRAM   BANK0   BANK2   BANK3   BANK4   BANK1   BANK5
      Params:         0       0       0       0       0       0       0
      Locals:         0       1       0       0       0       0       0
      Temps:          0       0       0       0       0       0       0
      Totals:         0       1       0       0       0       0       0
Total ram usage:        1 bytes
 Hardware stack levels used:    1
 Hardware stack levels required when called:    4
 This function calls:
		_lcd_busy
		_lcd_ecrireDonnees
		_lcd_strobeEnableBit
 This function is called by:
		_lcd_effaceChar
		_lcd_ecritChar
		_lcd_initCGRam
 This function uses a non-reentrant model


 *************** function _lcd_cacheCurseur *****************
 Defined at:
		line 399 in file "Lcd4Lignes.c"
 Parameters:    Size  Location     Type
		None
 Auto vars:     Size  Location     Type
		None
 Return value:  Size  Location     Type
                  1    wreg      void 
 Registers used:
		wreg, status,2, status,0, cstack
 Tracked objects:
		On entry : 
		On exit  : 
		Unchanged: 
 Data sizes:     COMRAM   BANK0   BANK2   BANK3   BANK4   BANK1   BANK5
      Params:         0       0       0       0       0       0       0
      Locals:         0       0       0       0       0       0       0
      Temps:          0       0       0       0       0       0       0
      Totals:         0       0       0       0       0       0       0
Total ram usage:        0 bytes
 Hardware stack levels used:    1
 Hardware stack levels required when called:    5
 This function calls:
		_lcd_wrCom
 This function is called by:
		_main
 This function uses a non-reentrant model


 *************** function _lcd_wrCom *****************
 Defined at:
		line 154 in file "Lcd4Lignes.c"
 Parameters:    Size  Location     Type
  commande        1    wreg     unsigned char 
 Auto vars:     Size  Location     Type
  commande        1   10[BANK0 ] unsigned char 
 Return value:  Size  Location     Type
                  1    wreg      unsigned char 
 Registers used:
		wreg, status,2, status,0, cstack
 Tracked objects:
		On entry : 
		On exit  : 
		Unchanged: 
 Data sizes:     COMRAM   BANK0   BANK2   BANK3   BANK4   BANK1   BANK5
      Params:         0       0       0       0       0       0       0
      Locals:         0       1       0       0       0       0       0
      Temps:          0       1       0       0       0       0       0
      Totals:         0       2       0       0       0       0       0
Total ram usage:        2 bytes
 Hardware stack levels used:    1
 Hardware stack levels required when called:    4
 This function calls:
		_lcd_busy
		_lcd_ecrireDonnees
		_lcd_strobeEnableBit
 This function is called by:
		_lcd_init
		_lcd_curseurHome
		_lcd_gotoXY
		_lcd_ecritChar
		_lcd_cacheCurseur
		_lcd_initCGRam
		_lcd_effaceAffichage
		_lcd_montreCurseur
 This function uses a non-reentrant model


 *************** function _lcd_strobeEnableBit *****************
 Defined at:
		line 429 in file "Lcd4Lignes.c"
 Parameters:    Size  Location     Type
		None
 Auto vars:     Size  Location     Type
		None
 Return value:  Size  Location     Type
                  1    wreg      void 
 Registers used:
		None
 Tracked objects:
		On entry : 
		On exit  : 
		Unchanged: 
 Data sizes:     COMRAM   BANK0   BANK2   BANK3   BANK4   BANK1   BANK5
      Params:         0       0       0       0       0       0       0
      Locals:         0       0       0       0       0       0       0
      Temps:          0       0       0       0       0       0       0
      Totals:         0       0       0       0       0       0       0
Total ram usage:        0 bytes
 Hardware stack levels used:    1
 Hardware stack levels required when called:    2
 This function calls:
		Nothing
 This function is called by:
		_lcd_wrCom
		_lcd_wrData
		_lcd_resetSequence
 This function uses a non-reentrant model


 *************** function _lcd_ecrireDonnees *****************
 Defined at:
		line 105 in file "Lcd4Lignes.c"
 Parameters:    Size  Location     Type
  donnee          1    wreg     unsigned char 
 Auto vars:     Size  Location     Type
  donnee          1    8[BANK0 ] unsigned char 
 Return value:  Size  Location     Type
                  1    wreg      void 
 Registers used:
		wreg, status,2, status,0
 Tracked objects:
		On entry : 
		On exit  : 
		Unchanged: 
 Data sizes:     COMRAM   BANK0   BANK2   BANK3   BANK4   BANK1   BANK5
      Params:         0       0       0       0       0       0       0
      Locals:         0       1       0       0       0       0       0
      Temps:          0       1       0       0       0       0       0
      Totals:         0       2       0       0       0       0       0
Total ram usage:        2 bytes
 Hardware stack levels used:    1
 Hardware stack levels required when called:    2
 This function calls:
		Nothing
 This function is called by:
		_lcd_wrCom
		_lcd_wrData
		_lcd_resetSequence
 This function uses a non-reentrant model


 *************** function _lcd_busy *****************
 Defined at:
		line 122 in file "Lcd4Lignes.c"
 Parameters:    Size  Location     Type
		None
 Auto vars:     Size  Location     Type
  adresse         1    8[BANK0 ] unsigned char 
 Return value:  Size  Location     Type
                  1    wreg      unsigned char 
 Registers used:
		wreg, status,2, status,0, cstack
 Tracked objects:
		On entry : 
		On exit  : 
		Unchanged: 
 Data sizes:     COMRAM   BANK0   BANK2   BANK3   BANK4   BANK1   BANK5
      Params:         0       0       0       0       0       0       0
      Locals:         0       1       0       0       0       0       0
      Temps:          0       1       0       0       0       0       0
      Totals:         0       2       0       0       0       0       0
Total ram usage:        2 bytes
 Hardware stack levels used:    1
 Hardware stack levels required when called:    3
 This function calls:
		_lcd_lireDonnees
 This function is called by:
		_lcd_wrCom
		_lcd_wrData
 This function uses a non-reentrant model


 *************** function _lcd_lireDonnees *****************
 Defined at:
		line 92 in file "Lcd4Lignes.c"
 Parameters:    Size  Location     Type
		None
 Auto vars:     Size  Location     Type
		None
 Return value:  Size  Location     Type
                  1    wreg      unsigned char 
 Registers used:
		wreg, status,2, status,0
 Tracked objects:
		On entry : 
		On exit  : 
		Unchanged: 
 Data sizes:     COMRAM   BANK0   BANK2   BANK3   BANK4   BANK1   BANK5
      Params:         0       0       0       0       0       0       0
      Locals:         0       0       0       0       0       0       0
      Temps:          0       0       0       0       0       0       0
      Totals:         0       0       0       0       0       0       0
Total ram usage:        0 bytes
 Hardware stack levels used:    1
 Hardware stack levels required when called:    2
 This function calls:
		Nothing
 This function is called by:
		_lcd_busy
 This function uses a non-reentrant model


 *************** function _initialisation *****************
 Defined at:
		line 73 in file "main.c"
 Parameters:    Size  Location     Type
		None
 Auto vars:     Size  Location     Type
		None
 Return value:  Size  Location     Type
                  1    wreg      void 
 Registers used:
		wreg, status,2
 Tracked objects:
		On entry : 
		On exit  : 
		Unchanged: 
 Data sizes:     COMRAM   BANK0   BANK2   BANK3   BANK4   BANK1   BANK5
      Params:         0       0       0       0       0       0       0
      Locals:         0       0       0       0       0       0       0
      Temps:          0       0       0       0       0       0       0
      Totals:         0       0       0       0       0       0       0
Total ram usage:        0 bytes
 Hardware stack levels used:    1
 Hardware stack levels required when called:    2
 This function calls:
		Nothing
 This function is called by:
		_main
 This function uses a non-reentrant model


 *************** function ___lwdiv *****************
 Defined at:
		line 7 in file "C:\Program Files (x86)\Microchip\xc8\v2.10\pic\sources\c99\common\lwdiv.c"
 Parameters:    Size  Location     Type
  dividend        2    7[BANK0 ] unsigned int 
  divisor         2    9[BANK0 ] unsigned int 
 Auto vars:     Size  Location     Type
  quotient        2   11[BANK0 ] unsigned int 
  counter         1   13[BANK0 ] unsigned char 
 Return value:  Size  Location     Type
                  2    7[BANK0 ] unsigned int 
 Registers used:
		wreg, status,2, status,0
 Tracked objects:
		On entry : 
		On exit  : 
		Unchanged: 
 Data sizes:     COMRAM   BANK0   BANK2   BANK3   BANK4   BANK1   BANK5
      Params:         0       4       0       0       0       0       0
      Locals:         0       3       0       0       0       0       0
      Temps:          0       0       0       0       0       0       0
      Totals:         0       7       0       0       0       0       0
Total ram usage:        7 bytes
 Hardware stack levels used:    1
 Hardware stack levels required when called:    2
 This function calls:
		Nothing
 This function is called by:
		_main
 This function uses a non-reentrant model


 *************** function ___awdiv *****************
 Defined at:
		line 7 in file "C:\Program Files (x86)\Microchip\xc8\v2.10\pic\sources\c99\common\awdiv.c"
 Parameters:    Size  Location     Type
  dividend        2    7[BANK0 ] int 
  divisor         2    9[BANK0 ] int 
 Auto vars:     Size  Location     Type
  quotient        2   13[BANK0 ] int 
  sign            1   12[BANK0 ] unsigned char 
  counter         1   11[BANK0 ] unsigned char 
 Return value:  Size  Location     Type
                  2    7[BANK0 ] int 
 Registers used:
		wreg, status,2, status,0
 Tracked objects:
		On entry : 
		On exit  : 
		Unchanged: 
 Data sizes:     COMRAM   BANK0   BANK2   BANK3   BANK4   BANK1   BANK5
      Params:         0       4       0       0       0       0       0
      Locals:         0       4       0       0       0       0       0
      Temps:          0       0       0       0       0       0       0
      Totals:         0       8       0       0       0       0       0
Total ram usage:        8 bytes
 Hardware stack levels used:    1
 Hardware stack levels required when called:    2
 This function calls:
		Nothing
 This function is called by:
		_main
 This function uses a non-reentrant model


 *************** function _low_isr *****************
 Defined at:
		line 77 in file "interrupts.c"
 Parameters:    Size  Location     Type
		None
 Auto vars:     Size  Location     Type
		None
 Return value:  Size  Location     Type
                  1    wreg      void 
 Registers used:
		None
 Tracked objects:
		On entry : 
		On exit  : 
		Unchanged: 
 Data sizes:     COMRAM   BANK0   BANK2   BANK3   BANK4   BANK1   BANK5
      Params:         0       0       0       0       0       0       0
      Locals:         0       0       0       0       0       0       0
      Temps:          0       1       0       0       0       0       0
      Totals:         0       1       0       0       0       0       0
Total ram usage:        1 bytes
 Hardware stack levels used:    1
 Hardware stack levels required when called:    1
 This function calls:
		Nothing
 This function is called by:
		Interrupt level 1
 This function uses a non-reentrant model


 *************** function _high_isr *****************
 Defined at:
		line 21 in file "interrupts.c"
 Parameters:    Size  Location     Type
		None
 Auto vars:     Size  Location     Type
  i               2    4[BANK0 ] int 
 Return value:  Size  Location     Type
                  1    wreg      void 
 Registers used:
		wreg, fsr2l, fsr2h, status,2, status,0
 Tracked objects:
		On entry : 
		On exit  : 
		Unchanged: 
 Data sizes:     COMRAM   BANK0   BANK2   BANK3   BANK4   BANK1   BANK5
      Params:         0       0       0       0       0       0       0
      Locals:         0       2       0       0       0       0       0
      Temps:          0       4       0       0       0       0       0
      Totals:         0       6       0       0       0       0       0
Total ram usage:        6 bytes
 Hardware stack levels used:    1
 This function calls:
		Nothing
 This function is called by:
		Interrupt level 2
 This function uses a non-reentrant model



MODULE INFORMATION

Module		Function		Class		Link	Load	Size
C:\Program Files (x86)\Microchip\xc8\v2.10\pic\sources\c99\common\aodiv.c
		___aodiv       		CODE           	0B9A	0000	439

C:\Program Files (x86)\Microchip\xc8\v2.10\pic\sources\c99\common\aodiv.c estimated size: 439

interrupts.c
		_high_isr      		CODE           	0008	0000	385
		_low_isr       		CODE           	0018	0000	19

interrupts.c estimated size: 404

C:\Program Files (x86)\Microchip\xc8\v2.10\pic\sources\c99\common\lwdiv.c
		___lwdiv       		CODE           	1770	0000	145

C:\Program Files (x86)\Microchip\xc8\v2.10\pic\sources\c99\common\lwdiv.c estimated size: 145

C:\Program Files (x86)\Microchip\xc8\v2.10\pic\sources\c99\common\awdiv.c
		___awdiv       		CODE           	12E0	0000	243

C:\Program Files (x86)\Microchip\xc8\v2.10\pic\sources\c99\common\awdiv.c estimated size: 243

C:\Program Files (x86)\Microchip\xc8\v2.10\pic\sources\c99\common\strlen.c
		_strlen        		CODE           	1C1E	0000	71

C:\Program Files (x86)\Microchip\xc8\v2.10\pic\sources\c99\common\strlen.c estimated size: 71

C:\Program Files (x86)\Microchip\xc8\v2.10\pic\sources\c99\common\doprnt.c
		_vfpfcnvrt     		CODE           	09A4	0000	503
		_pad           		CODE           	11DA	0000	263
		_dtoa          		CODE           	0624	0000	897
		_vfprintf      		CODE           	1880	0000	123

C:\Program Files (x86)\Microchip\xc8\v2.10\pic\sources\c99\common\doprnt.c estimated size: 1786

C:\Program Files (x86)\Microchip\xc8\v2.10\pic\sources\c99\common\nf_fputs.c
		_fputs         		CODE           	1AC0	0000	93

C:\Program Files (x86)\Microchip\xc8\v2.10\pic\sources\c99\common\nf_fputs.c estimated size: 93

Lcd4Lignes.c
		_lcd_effaceLigne		CODE           	1D54	0000	37
		_lcd_ecrireDonnees		CODE           	1974	0000	121
		_lcd_busy      		CODE           	1B1C	0000	93
		_lcd_curseurHome		CODE           	1D78	0000	13
		_lcd_initCGRam 		CODE           	1582	0000	187
		_lcd_wrData    		CODE           	1B78	0000	89
		_lcd_putMessage		CODE           	14BE	0000	197
		_lcd_resetSequence		CODE           	19EC	0000	111
		_lcd_lireDonnees		CODE           	1D9C	0000	11
		_lcd_cacheCurseur		CODE           	1D84	0000	13
		_lcd_gotoXY    		CODE           	16D8	0000	153
		_lcd_wrCom     		CODE           	163C	0000	157
		_lcd_effaceChar		CODE           	1CE6	0000	61
		_lcd_ecritChar 		CODE           	18FA	0000	123
		_lcd_init      		CODE           	1D22	0000	51
		_lcd_strobeEnableBit		CODE           	1D90	0000	13

Lcd4Lignes.c estimated size: 1430

shared
		__initialization		CODE           	1C64	0000	57

shared estimated size: 57

C:\Program Files (x86)\Microchip\xc8\v2.10\pic\sources\c99\common\putch.c
		_putch         		CODE           	1DA6	0000	7

C:\Program Files (x86)\Microchip\xc8\v2.10\pic\sources\c99\common\putch.c estimated size: 7

C:\Program Files (x86)\Microchip\xc8\v2.10\pic\sources\c99\common\aomod.c
		___aomod       		CODE           	0D50	0000	403

C:\Program Files (x86)\Microchip\xc8\v2.10\pic\sources\c99\common\aomod.c estimated size: 403

C:\Program Files (x86)\Microchip\xc8\v2.10\pic\sources\c99\common\abs.c
		_abs           		CODE           	1BD0	0000	79

C:\Program Files (x86)\Microchip\xc8\v2.10\pic\sources\c99\common\abs.c estimated size: 79

C:\Program Files (x86)\Microchip\xc8\v2.10\pic\sources\c99\common\nf_sprintf.c
		_sprintf       		CODE           	1A5A	0000	103

C:\Program Files (x86)\Microchip\xc8\v2.10\pic\sources\c99\common\nf_sprintf.c estimated size: 103

main.c
		_initialisation		CODE           	1800	0000	129
		_main          		CODE           	0EE2	0000	385

main.c estimated size: 514

C:\Program Files (x86)\Microchip\xc8\v2.10\pic\sources\c99\common\nf_fputc.c
		_fputc         		CODE           	13D2	0000	237

C:\Program Files (x86)\Microchip\xc8\v2.10\pic\sources\c99\common\nf_fputc.c estimated size: 237

