Microchip MPLAB XC8 Compiler V2.31

Linker command line:

--edf=C:\Program Files\Microchip\xc8\v2.31\pic\dat\en_msgs.txt -cn \
  -h+dist/Mini_board_config/production\FinalNo1.X.production.sym \
  --cmf=dist/Mini_board_config/production\FinalNo1.X.production.cmf -z \
  -Q18F45K20 -oC:\Users\TGE\AppData\Local\Temp\s7f4.2 \
  --defsym=__MPLAB_BUILD=1 \
  -Mdist/Mini_board_config/production/FinalNo1.X.production.map -E1 \
  -ver=XC8 Compiler --acfsm=1493 -ASTACK=071h-05FFh -pstack=STACK \
  -ACODE=00h-07FFFh -ACONST=00h-07FFFh -ASMALLCONST=0600h-06FFhx122 \
  -AMEDIUMCONST=0600h-07FFFh -ACOMRAM=01h-05Fh -AABS1=00h-05FFh \
  -ABIGRAM=01h-05FFh -ARAM=060h-0FFh,0100h-01FFhx5 -ABANK0=060h-0FFh \
  -ABANK1=0100h-01FFh -ABANK2=0200h-02FFh -ABANK3=0300h-03FFh \
  -ABANK4=0400h-04FFh -ABANK5=0500h-05FFh -ASFR=0F60h-0FFFh \
  -ACONFIG=0300000h-030000Dh -AIDLOC=0200000h-0200007h \
  -AEEDATA=0F00000h-0F000FFh -peeprom_data=EEDATA \
  -preset_vec=00h,intcode=08h,intcodelo,powerup,init -pramtop=0600h \
  -psmallconst=SMALLCONST -pmediumconst=MEDIUMCONST -pconst=CONST \
  -AFARRAM=00h-00h \
  -prdata=COMRAM,nvrram=COMRAM,nvbit=COMRAM,rbss=COMRAM,rbit=COMRAM \
  -pfarbss=FARRAM,fardata=FARRAM,nvFARRAM=FARRAM \
  -pintsave_regs=BIGRAM,bigbss=BIGRAM,bigdata=BIGRAM -pbss=RAM \
  -pidata=CODE,irdata=CODE,ibigdata=CODE,ifardata=CODE -pparam0=BANK0 \
  C:\Users\TGE\AppData\Local\Temp\s7f4.o \
  dist/Mini_board_config/production\FinalNo1.X.production.o 

Object code version is 3.11

Machine type is 18F45K20



                Name                               Link     Load   Length Selector   Space Scale
C:\Users\TGE\AppData\Local\Temp\s7f4.o
                idloc                            200000   200000        8        0       5
                config                           300000   300000        E        0       4
                init                                 5E       5E        4        4       0
                reset_vec                             0        0        4        0       0
dist/Mini_board_config/production\FinalNo1.X.production.o
                intcode                               8        8       56        4       0
                idloc                            200000   200000        8        0       5
                config                           300000   300000        E        0       4
                temp                                  1        1        1        1       1
                text1                                D2       D2       32        4       0
                text0                                62       62       70        4       0
                cstackBANK0                          60       60        9       60       1
                dataBANK0                            69       69        8       60       1
                cinit                               104      104       2A        4       0
                idataBANK0                          12E      12E        8        4       0

TOTAL           Name                               Link     Load   Length     Space
        CLASS   STACK          

        CLASS   CODE           
                intcode                               8        8       56         0
                init                                 5E       5E        4         0
                reset_vec                             0        0        4         0
                text1                                D2       D2       32         0
                text0                                62       62       70         0
                cinit                               104      104       2A         0
                idataBANK0                          12E      12E        8         0

        CLASS   CONST          

        CLASS   SMALLCONST     

        CLASS   MEDIUMCONST    

        CLASS   COMRAM         
                temp                                  1        1        1         1

        CLASS   ABS1           

        CLASS   BIGRAM         

        CLASS   RAM            

        CLASS   BANK0          
                cstackBANK0                          60       60        9         1
                dataBANK0                            69       69        8         1

        CLASS   BANK1          

        CLASS   BANK2          

        CLASS   BANK3          

        CLASS   BANK4          

        CLASS   BANK5          

        CLASS   SFR            

        CLASS   CONFIG         
                config                           300000   300000        E         4

        CLASS   IDLOC          
                idloc                            200000   200000        8         5

        CLASS   EEDATA         

        CLASS   FARRAM         



SEGMENTS        Name                           Load    Length   Top    Selector   Space  Class

                reset_vec                      000000  000004  000004         0       0  CODE    
                temp                           000001  000001  000002         1       1  COMRAM  
                intcode                        000008  00012E  000136         4       0  CODE    
                cstackBANK0                    000060  000011  000071        60       1  BANK0   


UNUSED ADDRESS RANGES

        Name                Unused          Largest block    Delta
        BANK0            000071-0000FF               8F
        BANK1            000100-0001FF              100
        BANK2            000200-0002FF              100
        BANK3            000300-0003FF              100
        BANK4            000400-0004FF              100
        BANK5            000500-0005FF              100
        BIGRAM           000002-00005F               5E
                         000071-0005FF              58F
        CODE             000004-000007                4
                         000136-007FFF             7ECA
        COMRAM           000002-00005F               5E
        CONST            000004-000007                4
                         000136-007FFF             7ECA
        EEDATA           F00000-F000FF              100
        MEDIUMCONST      000600-007FFF             7A00
        RAM              000071-0005FF              100
        SFR              000F60-000FFF               A0
        SMALLCONST       000600-007FFF              100
        STACK            000071-0005FF              58F

                                  Symbol Table

_ANSELH                  (abs)        000F7F
_BAUDCONbits             (abs)        000FB8
_INTCON2bits             (abs)        000FF1
_INTCONbits              (abs)        000FF2
_PIE1bits                (abs)        000F9D
_PIR1bits                (abs)        000F9E
_PORTBbits               (abs)        000F81
_PORTD                   (abs)        000F83
_RCREG                   (abs)        000FAE
_RCSTAbits               (abs)        000FAB
_SPBRG                   (abs)        000FAF
_TRISBbits               (abs)        000F93
_TRISCbits               (abs)        000F94
_TRISD                   (abs)        000F95
_TXREG                   (abs)        000FAD
_TXSTAbits               (abs)        000FAC
__HRAM                   (abs)        000000
__Habs1                  abs1         000000
__Hbank0                 bank0        000000
__Hbank1                 bank1        000000
__Hbank2                 bank2        000000
__Hbank3                 bank3        000000
__Hbank4                 bank4        000000
__Hbank5                 bank5        000000
__Hbigbss                bigbss       000000
__Hbigdata               bigdata      000000
__Hbigram                bigram       000000
__Hbss                   bss          000000
__Hcinit                 cinit        000000
__Hclrtext               clrtext      000000
__Hcomram                comram       000000
__Hconfig                config       30000E
__Hconst                 const        000000
__HcstackBANK0           cstackBANK0  000000
__Hdata                  data         000000
__HdataBANK0             dataBANK0    000000
__Heeprom_data           eeprom_data  000000
__Hfarbss                farbss       000000
__Hfardata               fardata      000000
__Hibigdata              ibigdata     000000
__Hidata                 idata        000000
__HidataBANK0            idataBANK0   000000
__Hidloc                 idloc        200008
__Hifardata              ifardata     000000
__Hinit                  init         000062
__Hintcode               intcode      00005E
__Hintcode_body          intcode_body 000000
__Hintcodelo             intcodelo    00005E
__Hintentry              intentry     000000
__Hintret                intret       000000
__Hintsave_regs          intsave_regs 000000
__Hirdata                irdata       000000
__Hmediumconst           mediumconst  000000
__HnvFARRAM              nvFARRAM     000000
__Hnvbit                 nvbit        000000
__Hnvrram                nvrram       000000
__Hparam                 param0       000000
__Hparam0                param0       000000
__Hpowerup               powerup      00005E
__Hram                   ram          000000
__Hramtop                ramtop       000600
__Hrbit                  rbit         000000
__Hrbss                  rbss         000000
__Hrdata                 rdata        000000
__Hreset_vec             reset_vec    000004
__Hsfr                   sfr          000000
__Hsmallconst            smallconst   000000
__Hspace_0               (abs)        000600
__Hspace_1               (abs)        000071
__Hspace_2               (abs)        000000
__Hspace_4               (abs)        60000E
__Hstack                 stack        000000
__Hstruct                struct       000000
__Htemp                  temp         000002
__Htext                  text         000000
__Htext0                 text0        000000
__Htext1                 text1        000000
__LRAM                   (abs)        000001
__Labs1                  abs1         000000
__Lbank0                 bank0        000000
__Lbank1                 bank1        000000
__Lbank2                 bank2        000000
__Lbank3                 bank3        000000
__Lbank4                 bank4        000000
__Lbank5                 bank5        000000
__Lbigbss                bigbss       000000
__Lbigdata               bigdata      000000
__Lbigram                bigram       000000
__Lbss                   bss          000000
__Lcinit                 cinit        000000
__Lclrtext               clrtext      000000
__Lcomram                comram       000000
__Lconfig                config       000000
__Lconst                 const        000000
__LcstackBANK0           cstackBANK0  000000
__Ldata                  data         000000
__LdataBANK0             dataBANK0    000000
__Leeprom_data           eeprom_data  000000
__Lfarbss                farbss       000000
__Lfardata               fardata      000000
__Libigdata              ibigdata     000000
__Lidata                 idata        000000
__LidataBANK0            idataBANK0   000000
__Lidloc                 idloc        000000
__Lifardata              ifardata     000000
__Linit                  init         00005E
__Lintcode               intcode      000008
__Lintcode_body          intcode_body 000000
__Lintcodelo             intcodelo    00005E
__Lintentry              intentry     000000
__Lintret                intret       000000
__Lintsave_regs          intsave_regs 000000
__Lirdata                irdata       000000
__Lmediumconst           mediumconst  000000
__LnvFARRAM              nvFARRAM     000000
__Lnvbit                 nvbit        000000
__Lnvrram                nvrram       000000
__Lparam                 param0       000000
__Lparam0                param0       000000
__Lpowerup               powerup      00005E
__Lram                   ram          000000
__Lramtop                ramtop       000600
__Lrbit                  rbit         000000
__Lrbss                  rbss         000000
__Lrdata                 rdata        000000
__Lreset_vec             reset_vec    000000
__Lsfr                   sfr          000000
__Lsmallconst            smallconst   000000
__Lspace_0               (abs)        000000
__Lspace_1               (abs)        000000
__Lspace_2               (abs)        000000
__Lspace_4               (abs)        000000
__Lstack                 stack        000000
__Lstruct                struct       000000
__Ltemp                  temp         000001
__Ltext                  text         000000
__Ltext0                 text0        000000
__Ltext1                 text1        000000
__S0                     (abs)        000136
__S1                     (abs)        000071
__S2                     (abs)        000000
__S4                     (abs)        000000
__S5                     (abs)        000000
___inthi_sp              stack        000000
___intlo_sp              stack        000000
___param_bank            (abs)        000000
___rparam_used           (abs)        000000
___sp                    stack        000000
__accesstop              (abs)        000060
__activetblptr           (abs)        000003
__end_of__initialization cinit        000124
__end_of_high_isr        intcode      00005E
__end_of_initialisation  text1        000104
__end_of_main            text0        0000D2
__initialization         cinit        000104
__mediumconst            mediumconst  000000
__pcinit                 cinit        000104
__pcstackBANK0           cstackBANK0  000060
__pdataBANK0             dataBANK0    000069
__pidataBANK0            idataBANK0   00012E
__pintcode               intcode      000008
__ptext0                 text0        000062
__ptext1                 text1        0000D2
__ramtop                 ramtop       000600
__size_of_high_isr       (abs)        000000
__size_of_initialisation (abs)        000000
__size_of_main           (abs)        000000
__smallconst             smallconst   000000
_high_isr                intcode      000008
_initialisation          text1        0000D2
_main                    text0        000062
btemp                    temp         000001
end_of_initialization    cinit        000124
high_isr@g_caracRx       dataBANK0    000070
int$flags                temp         000001
intlevel0                text         000000
intlevel1                text         000000
intlevel2                text         000000
intlevel3                text         000000
main@F2674               dataBANK0    000069
main@i                   cstackBANK0  000067
main@msg                 cstackBANK0  000060
stackhi                  (abs)        0005FF
stacklo                  (abs)        000071
start                    init         00005E
start_initialization     cinit        000104
ttemp5                   temp         000002
ttemp6                   temp         000005
ttemp7                   temp         000009
wtemp8                   temp         000002


FUNCTION INFORMATION:

 *************** function _main *****************
 Defined at:
		line 14 in file "main.c"
 Parameters:    Size  Location     Type
		None
 Auto vars:     Size  Location     Type
  msg             7    0[BANK0 ] unsigned char [7]
  i               2    7[BANK0 ] int 
 Return value:  Size  Location     Type
                  1    wreg      void 
 Registers used:
		wreg, fsr1l, fsr1h, fsr2l, fsr2h, status,2, status,0, cstack
 Tracked objects:
		On entry : 
		On exit  : 
		Unchanged: 
 Data sizes:     COMRAM   BANK0   BANK1   BANK2   BANK3   BANK4   BANK5
      Params:         0       0       0       0       0       0       0
      Locals:         0       9       0       0       0       0       0
      Temps:          0       0       0       0       0       0       0
      Totals:         0       9       0       0       0       0       0
Total ram usage:        9 bytes
 Hardware stack levels required when called:    2
 This function calls:
		_initialisation
 This function is called by:
		Startup code after reset
 This function uses a non-reentrant model


 *************** function _initialisation *****************
 Defined at:
		line 50 in file "main.c"
 Parameters:    Size  Location     Type
		None
 Auto vars:     Size  Location     Type
		None
 Return value:  Size  Location     Type
                  1    wreg      void 
 Registers used:
		wreg, status,2
 Tracked objects:
		On entry : 
		On exit  : 
		Unchanged: 
 Data sizes:     COMRAM   BANK0   BANK1   BANK2   BANK3   BANK4   BANK5
      Params:         0       0       0       0       0       0       0
      Locals:         0       0       0       0       0       0       0
      Temps:          0       0       0       0       0       0       0
      Totals:         0       0       0       0       0       0       0
Total ram usage:        0 bytes
 Hardware stack levels used:    1
 Hardware stack levels required when called:    1
 This function calls:
		Nothing
 This function is called by:
		_main
 This function uses a non-reentrant model


 *************** function _high_isr *****************
 Defined at:
		line 12 in file "interrupts.c"
 Parameters:    Size  Location     Type
		None
 Auto vars:     Size  Location     Type
		None
 Return value:  Size  Location     Type
                  1    wreg      void 
 Registers used:
		wreg, status,2, status,0
 Tracked objects:
		On entry : 
		On exit  : 
		Unchanged: 
 Data sizes:     COMRAM   BANK0   BANK1   BANK2   BANK3   BANK4   BANK5
      Params:         0       0       0       0       0       0       0
      Locals:         0       0       0       0       0       0       0
      Temps:          0       0       0       0       0       0       0
      Totals:         0       0       0       0       0       0       0
Total ram usage:        0 bytes
 Hardware stack levels used:    1
 This function calls:
		Nothing
 This function is called by:
		Interrupt level 2
 This function uses a non-reentrant model



MODULE INFORMATION

Module		Function		Class		Link	Load	Size
interrupts.c
		_high_isr      		CODE           	0008	0000	86

interrupts.c estimated size: 86

shared
		__initialization		CODE           	0104	0000	32

shared estimated size: 32

main.c
		_initialisation		CODE           	00D2	0000	50
		_main          		CODE           	0062	0000	112

main.c estimated size: 162

