Microchip MPLAB XC8 Compiler V2.10 ()

Linker command line:

--edf=C:\Program Files (x86)\Microchip\xc8\v2.10\pic\dat\en_msgs.txt -cs \
  -h+dist/Mini_board_config/production\_Lab5_Servo.X.production.sym \
  --cmf=dist/Mini_board_config/production\_Lab5_Servo.X.production.cmf -z \
  -Q18F458 -oC:\Users\tge\AppData\Local\Temp\sb6g.2 \
  --defsym=__MPLAB_BUILD=1 \
  -Mdist/Mini_board_config/production/_Lab5_Servo.X.production.map -E1 \
  -ver=XC8 --acfsm=1493 -ASTACK=062h-05FFh -pstack=STACK \
  -ACODE=00h-03FFFhx2 -ACONST=00h-07FFFh -ASMALLCONST=0600h-06FFhx122 \
  -AMEDIUMCONST=0600h-07FFFh -ACOMRAM=01h-05Fh -AABS1=00h-05FFh \
  -ABIGRAM=01h-05FFh -ARAM=060h-0FFh,0100h-01FFhx5 -ABANK0=060h-0FFh \
  -ABANK1=0100h-01FFh -ABANK2=0200h-02FFh -ABANK3=0300h-03FFh \
  -ABANK4=0400h-04FFh -ABANK5=0500h-05FFh -ASFR=0F00h-0F5Fh,0F60h-0FFFh \
  -preset_vec=00h,intcode=08h,intcodelo,powerup,init -pramtop=0600h \
  -psmallconst=SMALLCONST -pmediumconst=MEDIUMCONST -pconst=CONST \
  -AFARRAM=00h-00h -ACONFIG=0300000h-030000Dh -pconfig=CONFIG \
  -AIDLOC=0200000h-0200007h -pidloc=IDLOC -AEEDATA=0F00000h-0F000FFh \
  -peeprom_data=EEDATA \
  -prdata=COMRAM,nvrram=COMRAM,nvbit=COMRAM,rbss=COMRAM,rbit=COMRAM \
  -pfarbss=FARRAM,fardata=FARRAM,nvFARRAM=FARRAM \
  -pintsave_regs=BIGRAM,bigbss=BIGRAM,bigdata=BIGRAM -pbss=RAM \
  -pidata=CODE,irdata=CODE,ibigdata=CODE,ifardata=CODE -pparam0=BANK0 \
  C:\Users\tge\AppData\Local\Temp\sb6g.o \
  dist/Mini_board_config/production\_Lab5_Servo.X.production.o 

Object code version is 3.11

Machine type is 18F458

Call graph: (short form)




                Name                               Link     Load   Length Selector   Space Scale
C:\Users\tge\AppData\Local\Temp\sb6g.o
                text                                116      116        2        4       0
                init                                 34       34        4        4       0
                reset_vec                             0        0        6        0       0
                idloc                            200000   200000        8   200000       0
                config                           300000   300000        E   300000       0
dist/Mini_board_config/production\_Lab5_Servo.X.production.o
                intcode                               8        8       2C        4       0
                temp                                  1        1        1        1       1
                text6                                F6       F6        C        4       0
                text5                               10C      10C        A        4       0
                text4                                7A       7A       38        4       0
                text3                                CC       CC       1A        4       0
                text2                               102      102        A        4       0
                text1                                B2       B2       1A        4       0
                text0                                38       38       42        4       0
                bssBANK0                             60       60        2       60       1
                cinit                                E6       E6       10        4       0

TOTAL           Name                               Link     Load   Length     Space
        CLASS   STACK          

        CLASS   CODE           
                intcode                               8        8       2C         0
                text                                116      116        2         0
                init                                 34       34        4         0
                reset_vec                             0        0        6         0
                text6                                F6       F6        C         0
                text5                               10C      10C        A         0
                text4                                7A       7A       38         0
                text3                                CC       CC       1A         0
                text2                               102      102        A         0
                text1                                B2       B2       1A         0
                text0                                38       38       42         0
                cinit                                E6       E6       10         0

        CLASS   CONST          

        CLASS   SMALLCONST     

        CLASS   MEDIUMCONST    

        CLASS   COMRAM         
                temp                                  1        1        1         1

        CLASS   ABS1           

        CLASS   BIGRAM         

        CLASS   RAM            

        CLASS   BANK0          
                bssBANK0                             60       60        2         1

        CLASS   BANK1          

        CLASS   BANK2          

        CLASS   BANK3          

        CLASS   BANK4          

        CLASS   BANK5          

        CLASS   SFR            

        CLASS   FARRAM         

        CLASS   CONFIG         
                config                           300000   300000        E         0

        CLASS   IDLOC          
                idloc                            200000   200000        8         0

        CLASS   EEDATA         



SEGMENTS        Name                           Load    Length   Top    Selector   Space  Class

                reset_vec                      000000  000006  000006         0       0  CODE    
                temp                           000001  000001  000002         1       1  COMRAM  
                intcode                        000008  000110  000118         4       0  CODE    
                bssBANK0                       000060  000002  000062        60       1  BANK0   
                idloc                          200000  000008  200008    200000       0  IDLOC   
                config                         300000  00000E  30000E    300000       0  CONFIG  


UNUSED ADDRESS RANGES

        Name                Unused          Largest block    Delta
        BANK0            000062-0000FF               9E
        BANK1            000100-0001FF              100
        BANK2            000200-0002FF              100
        BANK3            000300-0003FF              100
        BANK4            000400-0004FF              100
        BANK5            000500-0005FF              100
        BIGRAM           000002-00005F               5E
                         000062-0005FF              59E
        CODE             000006-000007                2
                         000118-007FFF             3EE8
        COMRAM           000002-00005F               5E
        CONST            000006-000007                2
                         000118-007FFF             7EE8
        EEDATA           F00000-F000FF              100
        MEDIUMCONST      000600-007FFF             7A00
        RAM              000062-0005FF              100
        SFR              000F00-000FFF               60
        SMALLCONST       000600-007FFF              100
        STACK            000062-0005FF              59E

                                  Symbol Table

_ADCON0bits                                                                 (abs)        000FC2
_ADCON1                                                                     (abs)        000FC1
_ADCON1bits                                                                 (abs)        000FC1
_ADRESH                                                                     (abs)        000FC4
_CCP1CONbits                                                                (abs)        000FBD
_CCPR1L                                                                     (abs)        000FBE
_INTCONbits                                                                 (abs)        000FF2
_PIE1bits                                                                   (abs)        000F9D
_PIR1bits                                                                   (abs)        000F9E
_PORTDbits                                                                  (abs)        000F83
_PR2                                                                        (abs)        000FCB
_T2CONbits                                                                  (abs)        000FCA
_TRISAbits                                                                  (abs)        000F92
_TRISCbits                                                                  (abs)        000F94
_TRISD                                                                      (abs)        000F95
__CFG_BOR$OFF                                                               (abs)        000000
__CFG_BORV$25                                                               (abs)        000000
__CFG_CP0$OFF                                                               (abs)        000000
__CFG_CP1$OFF                                                               (abs)        000000
__CFG_CP2$OFF                                                               (abs)        000000
__CFG_CP3$OFF                                                               (abs)        000000
__CFG_CPB$OFF                                                               (abs)        000000
__CFG_CPD$OFF                                                               (abs)        000000
__CFG_EBTR0$OFF                                                             (abs)        000000
__CFG_EBTR1$OFF                                                             (abs)        000000
__CFG_EBTR2$OFF                                                             (abs)        000000
__CFG_EBTR3$OFF                                                             (abs)        000000
__CFG_EBTRB$OFF                                                             (abs)        000000
__CFG_LVP$OFF                                                               (abs)        000000
__CFG_OSC$HS                                                                (abs)        000000
__CFG_OSCS$OFF                                                              (abs)        000000
__CFG_PWRT$OFF                                                              (abs)        000000
__CFG_STVR$OFF                                                              (abs)        000000
__CFG_WDT$OFF                                                               (abs)        000000
__CFG_WDTPS$128                                                             (abs)        000000
__CFG_WRT0$OFF                                                              (abs)        000000
__CFG_WRT1$OFF                                                              (abs)        000000
__CFG_WRT2$OFF                                                              (abs)        000000
__CFG_WRT3$OFF                                                              (abs)        000000
__CFG_WRTB$OFF                                                              (abs)        000000
__CFG_WRTC$OFF                                                              (abs)        000000
__CFG_WRTD$OFF                                                              (abs)        000000
__HRAM                                                                      (abs)        000000
__Habs1                                                                     abs1         000000
__Hbank0                                                                    bank0        000000
__Hbank1                                                                    bank1        000000
__Hbank2                                                                    bank2        000000
__Hbank3                                                                    bank3        000000
__Hbank4                                                                    bank4        000000
__Hbank5                                                                    bank5        000000
__Hbigbss                                                                   bigbss       000000
__Hbigdata                                                                  bigdata      000000
__Hbigram                                                                   bigram       000000
__Hbss                                                                      bss          000000
__HbssBANK0                                                                 bssBANK0     000000
__Hcinit                                                                    cinit        000000
__Hclrtext                                                                  clrtext      000000
__Hcomram                                                                   comram       000000
__Hconfig                                                                   config       30000E
__Hconst                                                                    const        000000
__HcstackBANK0                                                              cstackBANK0  000000
__Hdata                                                                     data         000000
__Heeprom_data                                                              eeprom_data  000000
__Hfarbss                                                                   farbss       000000
__Hfardata                                                                  fardata      000000
__Hibigdata                                                                 ibigdata     000000
__Hidata                                                                    idata        000000
__Hidloc                                                                    idloc        200008
__Hifardata                                                                 ifardata     000000
__Hinit                                                                     init         000038
__Hintcode                                                                  intcode      000034
__Hintcode_body                                                             intcode_body 000000
__Hintcodelo                                                                intcodelo    000034
__Hintentry                                                                 intentry     000000
__Hintret                                                                   intret       000000
__Hintsave_regs                                                             intsave_regs 000000
__Hirdata                                                                   irdata       000000
__Hmediumconst                                                              mediumconst  000000
__HnvFARRAM                                                                 nvFARRAM     000000
__Hnvbit                                                                    nvbit        000000
__Hnvrram                                                                   nvrram       000000
__Hparam                                                                    param0       000000
__Hparam0                                                                   param0       000000
__Hpowerup                                                                  powerup      000034
__Hram                                                                      ram          000000
__Hramtop                                                                   ramtop       000600
__Hrbit                                                                     rbit         000000
__Hrbss                                                                     rbss         000000
__Hrdata                                                                    rdata        000000
__Hreset_vec                                                                reset_vec    000006
__Hsfr                                                                      sfr          000000
__Hsmallconst                                                               smallconst   000000
__Hspace_0                                                                  (abs)        30000E
__Hspace_1                                                                  (abs)        000062
__Hspace_2                                                                  (abs)        000000
__Hstack                                                                    stack        000000
__Hstruct                                                                   struct       000000
__Htemp                                                                     temp         000002
__Htext                                                                     text         000000
__Htext0                                                                    text0        000000
__Htext1                                                                    text1        000000
__Htext2                                                                    text2        000000
__Htext3                                                                    text3        000000
__Htext4                                                                    text4        000000
__Htext5                                                                    text5        000000
__Htext6                                                                    text6        000000
__LRAM                                                                      (abs)        000001
__Labs1                                                                     abs1         000000
__Lbank0                                                                    bank0        000000
__Lbank1                                                                    bank1        000000
__Lbank2                                                                    bank2        000000
__Lbank3                                                                    bank3        000000
__Lbank4                                                                    bank4        000000
__Lbank5                                                                    bank5        000000
__Lbigbss                                                                   bigbss       000000
__Lbigdata                                                                  bigdata      000000
__Lbigram                                                                   bigram       000000
__Lbss                                                                      bss          000000
__LbssBANK0                                                                 bssBANK0     000000
__Lcinit                                                                    cinit        000000
__Lclrtext                                                                  clrtext      000000
__Lcomram                                                                   comram       000000
__Lconfig                                                                   config       300000
__Lconst                                                                    const        000000
__LcstackBANK0                                                              cstackBANK0  000000
__Ldata                                                                     data         000000
__Leeprom_data                                                              eeprom_data  000000
__Lfarbss                                                                   farbss       000000
__Lfardata                                                                  fardata      000000
__Libigdata                                                                 ibigdata     000000
__Lidata                                                                    idata        000000
__Lidloc                                                                    idloc        200000
__Lifardata                                                                 ifardata     000000
__Linit                                                                     init         000034
__Lintcode                                                                  intcode      000008
__Lintcode_body                                                             intcode_body 000000
__Lintcodelo                                                                intcodelo    000034
__Lintentry                                                                 intentry     000000
__Lintret                                                                   intret       000000
__Lintsave_regs                                                             intsave_regs 000000
__Lirdata                                                                   irdata       000000
__Lmediumconst                                                              mediumconst  000000
__LnvFARRAM                                                                 nvFARRAM     000000
__Lnvbit                                                                    nvbit        000000
__Lnvrram                                                                   nvrram       000000
__Lparam                                                                    param0       000000
__Lparam0                                                                   param0       000000
__Lpowerup                                                                  powerup      000034
__Lram                                                                      ram          000000
__Lramtop                                                                   ramtop       000600
__Lrbit                                                                     rbit         000000
__Lrbss                                                                     rbss         000000
__Lrdata                                                                    rdata        000000
__Lreset_vec                                                                reset_vec    000000
__Lsfr                                                                      sfr          000000
__Lsmallconst                                                               smallconst   000000
__Lspace_0                                                                  (abs)        000000
__Lspace_1                                                                  (abs)        000000
__Lspace_2                                                                  (abs)        000000
__Lstack                                                                    stack        000000
__Lstruct                                                                   struct       000000
__Ltemp                                                                     temp         000001
__Ltext                                                                     text         000000
__Ltext0                                                                    text0        000000
__Ltext1                                                                    text1        000000
__Ltext2                                                                    text2        000000
__Ltext3                                                                    text3        000000
__Ltext4                                                                    text4        000000
__Ltext5                                                                    text5        000000
__Ltext6                                                                    text6        000000
__S0                                                                        (abs)        30000E
__S1                                                                        (abs)        000062
__S2                                                                        (abs)        000000
___inthi_sp                                                                 stack        000000
___intlo_sp                                                                 stack        000000
___param_bank                                                               (abs)        000000
___rparam_used                                                              (abs)        000000
___sp                                                                       stack        000000
__accesstop                                                                 (abs)        000060
__activetblptr                                                              (abs)        000003
__cntErrataNOP_C:\Users\tge\AppData\Local\Temp\sb6g.o                       (abs)        000001
__cntErrataNOP_dist/Mini_board_config/production\_Lab5_Servo.X.production.o (abs)        000019
__end_of__initialization                                                    cinit        0000EC
__end_of_high_isr                                                           intcode      000032
__end_of_initialisation                                                     text1        0000CC
__end_of_initialisation_ActiverIntAdc                                       text6        000102
__end_of_initialisation_ActiverInterruptions                                text5        000116
__end_of_initialisation_ActiverPWM                                          text4        0000B2
__end_of_initialisation_ConfigurerAdc                                       text3        0000E6
__end_of_initialisation_ConfigurerPortDSortie                               text2        00010C
__end_of_main                                                               text0        00007A
__initialization                                                            cinit        0000E6
__mediumconst                                                               mediumconst  000000
__pbssBANK0                                                                 bssBANK0     000060
__pcinit                                                                    cinit        0000E6
__pcstackBANK0                                                              cstackBANK0  000000
__pintcode                                                                  intcode      000008
__ptext0                                                                    text0        000038
__ptext1                                                                    text1        0000B2
__ptext2                                                                    text2        000102
__ptext3                                                                    text3        0000CC
__ptext4                                                                    text4        00007A
__ptext5                                                                    text5        00010C
__ptext6                                                                    text6        0000F6
__ramtop                                                                    ramtop       000600
__size_of_high_isr                                                          (abs)        000000
__size_of_initialisation                                                    (abs)        000000
__size_of_initialisation_ActiverIntAdc                                      (abs)        000000
__size_of_initialisation_ActiverInterruptions                               (abs)        000000
__size_of_initialisation_ActiverPWM                                         (abs)        000000
__size_of_initialisation_ConfigurerAdc                                      (abs)        000000
__size_of_initialisation_ConfigurerPortDSortie                              (abs)        000000
__size_of_main                                                              (abs)        000000
__smallconst                                                                smallconst   000000
_g_resAN                                                                    bssBANK0     000060
_high_isr                                                                   intcode      000008
_initialisation                                                             text1        0000B2
_initialisation_ActiverIntAdc                                               text6        0000F6
_initialisation_ActiverInterruptions                                        text5        00010C
_initialisation_ActiverPWM                                                  text4        00007A
_initialisation_ConfigurerAdc                                               text3        0000CC
_initialisation_ConfigurerPortDSortie                                       text2        000102
_main                                                                       text0        000038
btemp                                                                       temp         000001
end_of_initialization                                                       cinit        0000EC
int$flags                                                                   temp         000001
intlevel0                                                                   text         000116
intlevel1                                                                   text         000116
intlevel2                                                                   text         000116
intlevel3                                                                   text         000116
stackhi                                                                     (abs)        0005FF
stacklo                                                                     (abs)        000062
start                                                                       init         000034
start_initialization                                                        cinit        0000E6
ttemp5                                                                      temp         000002
ttemp6                                                                      temp         000005
ttemp7                                                                      temp         000009
wtemp8                                                                      temp         000002


FUNCTION INFORMATION:

 *************** function _main *****************
 Defined at:
		line 30 in file "main.c"
 Parameters:    Size  Location     Type
		None
 Auto vars:     Size  Location     Type
		None
 Return value:  Size  Location     Type
                  1    wreg      void 
 Registers used:
		wreg, status,2, status,0, cstack
 Tracked objects:
		On entry : 
		On exit  : 
		Unchanged: 
 Data sizes:     COMRAM   BANK0   BANK1   BANK2   BANK3   BANK4   BANK5
      Params:         0       0       0       0       0       0       0
      Locals:         0       0       0       0       0       0       0
      Temps:          0       0       0       0       0       0       0
      Totals:         0       0       0       0       0       0       0
Total ram usage:        0 bytes
 Hardware stack levels required when called:    3
 This function calls:
		_initialisation
 This function is called by:
		Startup code after reset
 This function uses a non-reentrant model


 *************** function _initialisation *****************
 Defined at:
		line 21 in file "main.c"
 Parameters:    Size  Location     Type
		None
 Auto vars:     Size  Location     Type
		None
 Return value:  Size  Location     Type
                  1    wreg      void 
 Registers used:
		wreg, status,2, cstack
 Tracked objects:
		On entry : 
		On exit  : 
		Unchanged: 
 Data sizes:     COMRAM   BANK0   BANK1   BANK2   BANK3   BANK4   BANK5
      Params:         0       0       0       0       0       0       0
      Locals:         0       0       0       0       0       0       0
      Temps:          0       0       0       0       0       0       0
      Totals:         0       0       0       0       0       0       0
Total ram usage:        0 bytes
 Hardware stack levels used:    1
 Hardware stack levels required when called:    2
 This function calls:
		_initialisation_ActiverIntAdc
		_initialisation_ActiverInterruptions
		_initialisation_ActiverPWM
		_initialisation_ConfigurerAdc
		_initialisation_ConfigurerPortDSortie
 This function is called by:
		_main
 This function uses a non-reentrant model


 *************** function _initialisation_ConfigurerPortDSortie *****************
 Defined at:
		line 20 in file "initialisation.c"
 Parameters:    Size  Location     Type
		None
 Auto vars:     Size  Location     Type
		None
 Return value:  Size  Location     Type
                  1    wreg      void 
 Registers used:
		wreg, status,2
 Tracked objects:
		On entry : 
		On exit  : 
		Unchanged: 
 Data sizes:     COMRAM   BANK0   BANK1   BANK2   BANK3   BANK4   BANK5
      Params:         0       0       0       0       0       0       0
      Locals:         0       0       0       0       0       0       0
      Temps:          0       0       0       0       0       0       0
      Totals:         0       0       0       0       0       0       0
Total ram usage:        0 bytes
 Hardware stack levels used:    1
 Hardware stack levels required when called:    1
 This function calls:
		Nothing
 This function is called by:
		_initialisation
 This function uses a non-reentrant model


 *************** function _initialisation_ConfigurerAdc *****************
 Defined at:
		line 38 in file "initialisation.c"
 Parameters:    Size  Location     Type
		None
 Auto vars:     Size  Location     Type
		None
 Return value:  Size  Location     Type
                  1    wreg      void 
 Registers used:
		wreg, status,2
 Tracked objects:
		On entry : 
		On exit  : 
		Unchanged: 
 Data sizes:     COMRAM   BANK0   BANK1   BANK2   BANK3   BANK4   BANK5
      Params:         0       0       0       0       0       0       0
      Locals:         0       0       0       0       0       0       0
      Temps:          0       0       0       0       0       0       0
      Totals:         0       0       0       0       0       0       0
Total ram usage:        0 bytes
 Hardware stack levels used:    1
 Hardware stack levels required when called:    1
 This function calls:
		Nothing
 This function is called by:
		_initialisation
 This function uses a non-reentrant model


 *************** function _initialisation_ActiverPWM *****************
 Defined at:
		line 68 in file "initialisation.c"
 Parameters:    Size  Location     Type
		None
 Auto vars:     Size  Location     Type
		None
 Return value:  Size  Location     Type
                  1    wreg      void 
 Registers used:
		wreg, status,2
 Tracked objects:
		On entry : 
		On exit  : 
		Unchanged: 
 Data sizes:     COMRAM   BANK0   BANK1   BANK2   BANK3   BANK4   BANK5
      Params:         0       0       0       0       0       0       0
      Locals:         0       0       0       0       0       0       0
      Temps:          0       0       0       0       0       0       0
      Totals:         0       0       0       0       0       0       0
Total ram usage:        0 bytes
 Hardware stack levels used:    1
 Hardware stack levels required when called:    1
 This function calls:
		Nothing
 This function is called by:
		_initialisation
 This function uses a non-reentrant model


 *************** function _initialisation_ActiverInterruptions *****************
 Defined at:
		line 28 in file "initialisation.c"
 Parameters:    Size  Location     Type
		None
 Auto vars:     Size  Location     Type
		None
 Return value:  Size  Location     Type
                  1    wreg      void 
 Registers used:
		None
 Tracked objects:
		On entry : 
		On exit  : 
		Unchanged: 
 Data sizes:     COMRAM   BANK0   BANK1   BANK2   BANK3   BANK4   BANK5
      Params:         0       0       0       0       0       0       0
      Locals:         0       0       0       0       0       0       0
      Temps:          0       0       0       0       0       0       0
      Totals:         0       0       0       0       0       0       0
Total ram usage:        0 bytes
 Hardware stack levels used:    1
 Hardware stack levels required when called:    1
 This function calls:
		Nothing
 This function is called by:
		_initialisation
 This function uses a non-reentrant model


 *************** function _initialisation_ActiverIntAdc *****************
 Defined at:
		line 57 in file "initialisation.c"
 Parameters:    Size  Location     Type
		None
 Auto vars:     Size  Location     Type
		None
 Return value:  Size  Location     Type
                  1    wreg      void 
 Registers used:
		None
 Tracked objects:
		On entry : 
		On exit  : 
		Unchanged: 
 Data sizes:     COMRAM   BANK0   BANK1   BANK2   BANK3   BANK4   BANK5
      Params:         0       0       0       0       0       0       0
      Locals:         0       0       0       0       0       0       0
      Temps:          0       0       0       0       0       0       0
      Totals:         0       0       0       0       0       0       0
Total ram usage:        0 bytes
 Hardware stack levels used:    1
 Hardware stack levels required when called:    1
 This function calls:
		Nothing
 This function is called by:
		_initialisation
 This function uses a non-reentrant model


 *************** function _high_isr *****************
 Defined at:
		line 22 in file "interrupts.c"
 Parameters:    Size  Location     Type
		None
 Auto vars:     Size  Location     Type
		None
 Return value:  Size  Location     Type
                  1    wreg      void 
 Registers used:
		None
 Tracked objects:
		On entry : 
		On exit  : 
		Unchanged: 
 Data sizes:     COMRAM   BANK0   BANK1   BANK2   BANK3   BANK4   BANK5
      Params:         0       0       0       0       0       0       0
      Locals:         0       0       0       0       0       0       0
      Temps:          0       0       0       0       0       0       0
      Totals:         0       0       0       0       0       0       0
Total ram usage:        0 bytes
 Hardware stack levels used:    1
 This function calls:
		Nothing
 This function is called by:
		Interrupt level 2
 This function uses a non-reentrant model



MODULE INFORMATION

Module		Function		Class		Link	Load	Size
interrupts.c
		_high_isr      		CODE           	0008	0000	43

interrupts.c estimated size: 43

initialisation.c
		_initialisation_ConfigurerPortDSortie		CODE           	0102	0000	11
		_initialisation_ConfigurerAdc		CODE           	00CC	0000	27
		_initialisation_ActiverInterruptions		CODE           	010C	0000	11
		_initialisation_ActiverPWM		CODE           	007A	0000	57
		_initialisation_ActiverIntAdc		CODE           	00F6	0000	13

initialisation.c estimated size: 119

shared
		__initialization		CODE           	00E6	0000	7

shared estimated size: 7

main.c
		_initialisation		CODE           	00B2	0000	27
		_main          		CODE           	0038	0000	67

main.c estimated size: 94

