Microchip MPLAB XC8 Compiler V2.10 ()

Linker command line:

--edf=C:\Program Files (x86)\Microchip\xc8\v2.10\pic\dat\en_msgs.txt -cs \
  -h+dist/Mini_board_config/debug\_Lab5_Servo.X.debug.sym \
  --cmf=dist/Mini_board_config/debug\_Lab5_Servo.X.debug.cmf -z -Q18F458 \
  -oC:\Users\TGE\AppData\Local\Temp\sn8c.2 --defsym=__MPLAB_BUILD=1 \
  -Mdist/Mini_board_config/debug/_Lab5_Servo.X.debug.map -E1 -ver=XC8 \
  --acfsm=1493 -ASTACK=07Ch-05FFh -pstack=STACK -ACODE=00h-03FFFhx2 \
  -ACONST=00h-07FFFh -ASMALLCONST=0600h-06FFhx122 \
  -AMEDIUMCONST=0600h-07FFFh -ACOMRAM=01h-05Fh -AABS1=00h-05FFh \
  -ABIGRAM=01h-05FFh -ARAM=060h-0FFh,0100h-01FFhx5 -ABANK0=060h-0FFh \
  -ABANK1=0100h-01FFh -ABANK2=0200h-02FFh -ABANK3=0300h-03FFh \
  -ABANK4=0400h-04FFh -ABANK5=0500h-05FFh -ASFR=0F00h-0F5Fh,0F60h-0FFFh \
  -preset_vec=00h,intcode=08h,intcodelo,powerup,init -pramtop=0600h \
  -psmallconst=SMALLCONST -pmediumconst=MEDIUMCONST -pconst=CONST \
  -AFARRAM=00h-00h -ACONFIG=0300000h-030000Dh -pconfig=CONFIG \
  -AIDLOC=0200000h-0200007h -pidloc=IDLOC -AEEDATA=0F00000h-0F000FFh \
  -peeprom_data=EEDATA \
  -prdata=COMRAM,nvrram=COMRAM,nvbit=COMRAM,rbss=COMRAM,rbit=COMRAM \
  -pfarbss=FARRAM,fardata=FARRAM,nvFARRAM=FARRAM \
  -pintsave_regs=BIGRAM,bigbss=BIGRAM,bigdata=BIGRAM -pbss=RAM \
  -pidata=CODE,irdata=CODE,ibigdata=CODE,ifardata=CODE -pparam0=BANK0 \
  C:\Users\TGE\AppData\Local\Temp\sn8c.o \
  dist/Mini_board_config/debug\_Lab5_Servo.X.debug.o 

Object code version is 3.11

Machine type is 18F458

Call graph: (short form)




                Name                               Link     Load   Length Selector   Space Scale
C:\Users\TGE\AppData\Local\Temp\sn8c.o
                text                                44A      44A        2      225       0
                init                                10E      10E        4        4       0
                reset_vec                             0        0        6        0       0
                idloc                            200000   200000        8   200000       0
                config                           300000   300000        E   300000       0
dist/Mini_board_config/debug\_Lab5_Servo.X.debug.o
                intcode                               8        8      106        4       0
                temp                                  1        1        1        1       1
                text10                              24E      24E       F2        4       0
                text9                               376      376       2C        4       0
                text8                               426      426        C        4       0
                text7                               43C      43C        A        4       0
                text6                               3C4      3C4       1E        4       0
                text5                               3E2      3E2       1C        4       0
                text4                               418      418        E        4       0
                text3                               3FE      3FE       1A        4       0
                text2                               432      432        A        4       0
                text1                               3A2      3A2       22        4       0
                text0                               112      112      13C        4       0
                cstackBANK0                          60       60       11       60       1
                dataBANK0                            77       77        3       60       1
                bssBANK0                             71       71        6       60       1
                cinit                               340      340       36        4       0
                nvBANK0                              7A       7A        2       60       1
                idataBANK0                          446      446        3        4       0

TOTAL           Name                               Link     Load   Length     Space
        CLASS   STACK          

        CLASS   CODE           
                intcode                               8        8      106         0
                text                                44A      44A        2         0
                init                                10E      10E        4         0
                reset_vec                             0        0        6         0
                text10                              24E      24E       F2         0
                text9                               376      376       2C         0
                text8                               426      426        C         0
                text7                               43C      43C        A         0
                text6                               3C4      3C4       1E         0
                text5                               3E2      3E2       1C         0
                text4                               418      418        E         0
                text3                               3FE      3FE       1A         0
                text2                               432      432        A         0
                text1                               3A2      3A2       22         0
                text0                               112      112      13C         0
                cinit                               340      340       36         0
                idataBANK0                          446      446        3         0

        CLASS   CONST          

        CLASS   SMALLCONST     

        CLASS   MEDIUMCONST    

        CLASS   COMRAM         
                temp                                  1        1        1         1

        CLASS   ABS1           

        CLASS   BIGRAM         

        CLASS   RAM            

        CLASS   BANK0          
                cstackBANK0                          60       60       11         1
                dataBANK0                            77       77        3         1
                bssBANK0                             71       71        6         1
                nvBANK0                              7A       7A        2         1

        CLASS   BANK1          

        CLASS   BANK2          

        CLASS   BANK3          

        CLASS   BANK4          

        CLASS   BANK5          

        CLASS   SFR            

        CLASS   FARRAM         

        CLASS   CONFIG         
                config                           300000   300000        E         0

        CLASS   IDLOC          
                idloc                            200000   200000        8         0

        CLASS   EEDATA         



SEGMENTS        Name                           Load    Length   Top    Selector   Space  Class

                reset_vec                      000000  000006  000006         0       0  CODE    
                temp                           000001  000001  000002         1       1  COMRAM  
                intcode                        000008  000441  000449         4       0  CODE    
                cstackBANK0                    000060  00001C  00007C        60       1  BANK0   
                text                           00044A  000002  00044C       225       0  CODE    
                idloc                          200000  000008  200008    200000       0  IDLOC   
                config                         300000  00000E  30000E    300000       0  CONFIG  


UNUSED ADDRESS RANGES

        Name                Unused          Largest block    Delta
        BANK0            00007C-0000FF               84
        BANK1            000100-0001FF              100
        BANK2            000200-0002FF              100
        BANK3            000300-0003FF              100
        BANK4            000400-0004FF              100
        BANK5            000500-0005FF              100
        BIGRAM           000002-00005F               5E
                         00007C-0005FF              584
        CODE             000006-000007                2
                         000449-000449                1
                         00044C-007FFF             3BB4
        COMRAM           000002-00005F               5E
        CONST            000006-000007                2
                         000449-000449                1
                         00044C-007FFF             7BB4
        EEDATA           F00000-F000FF              100
        MEDIUMCONST      000600-007FFF             7A00
        RAM              00007C-0005FF              100
        SFR              000F00-000FFF               60
        SMALLCONST       000600-007FFF              100
        STACK            00007C-0005FF              584

                                  Symbol Table

?___awdiv                                                         cstackBANK0  000066
?___wmul                                                          cstackBANK0  000060
_ADCON0bits                                                       (abs)        000FC2
_ADCON1                                                           (abs)        000FC1
_ADCON1bits                                                       (abs)        000FC1
_ADRESH                                                           (abs)        000FC4
_CCP1CONbits                                                      (abs)        000FBD
_CCPR1L                                                           (abs)        000FBE
_INTCONbits                                                       (abs)        000FF2
_PIE1bits                                                         (abs)        000F9D
_PIE2bits                                                         (abs)        000FA0
_PIR1bits                                                         (abs)        000F9E
_PIR2bits                                                         (abs)        000FA1
_PORTCbits                                                        (abs)        000F82
_PORTD                                                            (abs)        000F83
_PR2                                                              (abs)        000FCB
_T0CONbits                                                        (abs)        000FD5
_T2CONbits                                                        (abs)        000FCA
_T3CON                                                            (abs)        000FB1
_TMR0H                                                            (abs)        000FD7
_TMR0L                                                            (abs)        000FD6
_TRISAbits                                                        (abs)        000F92
_TRISCbits                                                        (abs)        000F94
_TRISD                                                            (abs)        000F95
__CFG_BOR$OFF                                                     (abs)        000000
__CFG_BORV$25                                                     (abs)        000000
__CFG_CP0$OFF                                                     (abs)        000000
__CFG_CP1$OFF                                                     (abs)        000000
__CFG_CP2$OFF                                                     (abs)        000000
__CFG_CP3$OFF                                                     (abs)        000000
__CFG_CPB$OFF                                                     (abs)        000000
__CFG_CPD$OFF                                                     (abs)        000000
__CFG_EBTR0$OFF                                                   (abs)        000000
__CFG_EBTR1$OFF                                                   (abs)        000000
__CFG_EBTR2$OFF                                                   (abs)        000000
__CFG_EBTR3$OFF                                                   (abs)        000000
__CFG_EBTRB$OFF                                                   (abs)        000000
__CFG_LVP$OFF                                                     (abs)        000000
__CFG_OSC$HS                                                      (abs)        000000
__CFG_OSCS$OFF                                                    (abs)        000000
__CFG_PWRT$OFF                                                    (abs)        000000
__CFG_STVR$OFF                                                    (abs)        000000
__CFG_WDT$OFF                                                     (abs)        000000
__CFG_WDTPS$128                                                   (abs)        000000
__CFG_WRT0$OFF                                                    (abs)        000000
__CFG_WRT1$OFF                                                    (abs)        000000
__CFG_WRT2$OFF                                                    (abs)        000000
__CFG_WRT3$OFF                                                    (abs)        000000
__CFG_WRTB$OFF                                                    (abs)        000000
__CFG_WRTC$OFF                                                    (abs)        000000
__CFG_WRTD$OFF                                                    (abs)        000000
__HRAM                                                            (abs)        000000
__Habs1                                                           abs1         000000
__Hbank0                                                          bank0        000000
__Hbank1                                                          bank1        000000
__Hbank2                                                          bank2        000000
__Hbank3                                                          bank3        000000
__Hbank4                                                          bank4        000000
__Hbank5                                                          bank5        000000
__Hbigbss                                                         bigbss       000000
__Hbigdata                                                        bigdata      000000
__Hbigram                                                         bigram       000000
__Hbss                                                            bss          000000
__HbssBANK0                                                       bssBANK0     000000
__Hcinit                                                          cinit        000000
__Hclrtext                                                        clrtext      000000
__Hcomram                                                         comram       000000
__Hconfig                                                         config       30000E
__Hconst                                                          const        000000
__HcstackBANK0                                                    cstackBANK0  000000
__Hdata                                                           data         000000
__HdataBANK0                                                      dataBANK0    000000
__Heeprom_data                                                    eeprom_data  000000
__Hfarbss                                                         farbss       000000
__Hfardata                                                        fardata      000000
__Hibigdata                                                       ibigdata     000000
__Hidata                                                          idata        000000
__HidataBANK0                                                     idataBANK0   000000
__Hidloc                                                          idloc        200008
__Hifardata                                                       ifardata     000000
__Hinit                                                           init         000112
__Hintcode                                                        intcode      00010E
__Hintcode_body                                                   intcode_body 000000
__Hintcodelo                                                      intcodelo    00010E
__Hintentry                                                       intentry     000000
__Hintret                                                         intret       000000
__Hintsave_regs                                                   intsave_regs 000000
__Hirdata                                                         irdata       000000
__Hmediumconst                                                    mediumconst  000000
__HnvBANK0                                                        nvBANK0      000000
__HnvFARRAM                                                       nvFARRAM     000000
__Hnvbit                                                          nvbit        000000
__Hnvrram                                                         nvrram       000000
__Hparam                                                          param0       000000
__Hparam0                                                         param0       000000
__Hpowerup                                                        powerup      00010E
__Hram                                                            ram          000000
__Hramtop                                                         ramtop       000600
__Hrbit                                                           rbit         000000
__Hrbss                                                           rbss         000000
__Hrdata                                                          rdata        000000
__Hreset_vec                                                      reset_vec    000006
__Hsfr                                                            sfr          000000
__Hsmallconst                                                     smallconst   000000
__Hspace_0                                                        (abs)        30000E
__Hspace_1                                                        (abs)        00007C
__Hspace_2                                                        (abs)        000000
__Hstack                                                          stack        000000
__Hstruct                                                         struct       000000
__Htemp                                                           temp         000002
__Htext                                                           text         000000
__Htext0                                                          text0        000000
__Htext1                                                          text1        000000
__Htext10                                                         text10       000000
__Htext2                                                          text2        000000
__Htext3                                                          text3        000000
__Htext4                                                          text4        000000
__Htext5                                                          text5        000000
__Htext6                                                          text6        000000
__Htext7                                                          text7        000000
__Htext8                                                          text8        000000
__Htext9                                                          text9        000000
__LRAM                                                            (abs)        000001
__Labs1                                                           abs1         000000
__Lbank0                                                          bank0        000000
__Lbank1                                                          bank1        000000
__Lbank2                                                          bank2        000000
__Lbank3                                                          bank3        000000
__Lbank4                                                          bank4        000000
__Lbank5                                                          bank5        000000
__Lbigbss                                                         bigbss       000000
__Lbigdata                                                        bigdata      000000
__Lbigram                                                         bigram       000000
__Lbss                                                            bss          000000
__LbssBANK0                                                       bssBANK0     000000
__Lcinit                                                          cinit        000000
__Lclrtext                                                        clrtext      000000
__Lcomram                                                         comram       000000
__Lconfig                                                         config       300000
__Lconst                                                          const        000000
__LcstackBANK0                                                    cstackBANK0  000000
__Ldata                                                           data         000000
__LdataBANK0                                                      dataBANK0    000000
__Leeprom_data                                                    eeprom_data  000000
__Lfarbss                                                         farbss       000000
__Lfardata                                                        fardata      000000
__Libigdata                                                       ibigdata     000000
__Lidata                                                          idata        000000
__LidataBANK0                                                     idataBANK0   000000
__Lidloc                                                          idloc        200000
__Lifardata                                                       ifardata     000000
__Linit                                                           init         00010E
__Lintcode                                                        intcode      000008
__Lintcode_body                                                   intcode_body 000000
__Lintcodelo                                                      intcodelo    00010E
__Lintentry                                                       intentry     000000
__Lintret                                                         intret       000000
__Lintsave_regs                                                   intsave_regs 000000
__Lirdata                                                         irdata       000000
__Lmediumconst                                                    mediumconst  000000
__LnvBANK0                                                        nvBANK0      000000
__LnvFARRAM                                                       nvFARRAM     000000
__Lnvbit                                                          nvbit        000000
__Lnvrram                                                         nvrram       000000
__Lparam                                                          param0       000000
__Lparam0                                                         param0       000000
__Lpowerup                                                        powerup      00010E
__Lram                                                            ram          000000
__Lramtop                                                         ramtop       000600
__Lrbit                                                           rbit         000000
__Lrbss                                                           rbss         000000
__Lrdata                                                          rdata        000000
__Lreset_vec                                                      reset_vec    000000
__Lsfr                                                            sfr          000000
__Lsmallconst                                                     smallconst   000000
__Lspace_0                                                        (abs)        000000
__Lspace_1                                                        (abs)        000000
__Lspace_2                                                        (abs)        000000
__Lstack                                                          stack        000000
__Lstruct                                                         struct       000000
__Ltemp                                                           temp         000001
__Ltext                                                           text         000000
__Ltext0                                                          text0        000000
__Ltext1                                                          text1        000000
__Ltext10                                                         text10       000000
__Ltext2                                                          text2        000000
__Ltext3                                                          text3        000000
__Ltext4                                                          text4        000000
__Ltext5                                                          text5        000000
__Ltext6                                                          text6        000000
__Ltext7                                                          text7        000000
__Ltext8                                                          text8        000000
__Ltext9                                                          text9        000000
__S0                                                              (abs)        30000E
__S1                                                              (abs)        00007C
__S2                                                              (abs)        000000
___awdiv                                                          text10       00024E
___awdiv@counter                                                  cstackBANK0  00006A
___awdiv@dividend                                                 cstackBANK0  000066
___awdiv@divisor                                                  cstackBANK0  000068
___awdiv@quotient                                                 cstackBANK0  00006C
___awdiv@sign                                                     cstackBANK0  00006B
___inthi_sp                                                       stack        000000
___intlo_sp                                                       stack        000000
___param_bank                                                     (abs)        000000
___rparam_used                                                    (abs)        000000
___sp                                                             stack        000000
___wmul                                                           text9        000376
___wmul@multiplicand                                              cstackBANK0  000062
___wmul@multiplier                                                cstackBANK0  000060
___wmul@product                                                   cstackBANK0  000064
__accesstop                                                       (abs)        000060
__activetblptr                                                    (abs)        000003
__cntErrataNOP_C:\Users\TGE\AppData\Local\Temp\sn8c.o             (abs)        000001
__cntErrataNOP_dist/Mini_board_config/debug\_Lab5_Servo.X.debug.o (abs)        000047
__end_of___awdiv                                                  text10       000340
__end_of___wmul                                                   text9        0003A2
__end_of__initialization                                          cinit        00036C
__end_of_high_isr                                                 intcode      00010C
__end_of_initialisation                                           text1        0003C4
__end_of_initialisation_ActiverIntAdc                             text8        000432
__end_of_initialisation_ActiverInterruptions                      text7        000446
__end_of_initialisation_ActiverPWM                                text6        0003E2
__end_of_initialisation_ConfigTmr0                                text5        0003FE
__end_of_initialisation_ConfigTmr3                                text4        000426
__end_of_initialisation_ConfigurerAdc                             text3        000418
__end_of_initialisation_ConfigurerPortDSortie                     text2        00043C
__end_of_main                                                     text0        00024E
__initialization                                                  cinit        000340
__mediumconst                                                     mediumconst  000000
__pbssBANK0                                                       bssBANK0     000071
__pcinit                                                          cinit        000340
__pcstackBANK0                                                    cstackBANK0  000060
__pdataBANK0                                                      dataBANK0    000077
__pidataBANK0                                                     idataBANK0   000446
__pintcode                                                        intcode      000008
__pnvBANK0                                                        nvBANK0      00007A
__ptext0                                                          text0        000112
__ptext1                                                          text1        0003A2
__ptext10                                                         text10       00024E
__ptext2                                                          text2        000432
__ptext3                                                          text3        0003FE
__ptext4                                                          text4        000418
__ptext5                                                          text5        0003E2
__ptext6                                                          text6        0003C4
__ptext7                                                          text7        00043C
__ptext8                                                          text8        000426
__ptext9                                                          text9        000376
__ramtop                                                          ramtop       000600
__size_of___awdiv                                                 (abs)        000000
__size_of___wmul                                                  (abs)        000000
__size_of_high_isr                                                (abs)        000000
__size_of_initialisation                                          (abs)        000000
__size_of_initialisation_ActiverIntAdc                            (abs)        000000
__size_of_initialisation_ActiverInterruptions                     (abs)        000000
__size_of_initialisation_ActiverPWM                               (abs)        000000
__size_of_initialisation_ConfigTmr0                               (abs)        000000
__size_of_initialisation_ConfigTmr3                               (abs)        000000
__size_of_initialisation_ConfigurerAdc                            (abs)        000000
__size_of_initialisation_ConfigurerPortDSortie                    (abs)        000000
__size_of_main                                                    (abs)        000000
__smallconst                                                      smallconst   000000
_g_chargeTMR0                                                     dataBANK0    000079
_g_compteurTmr3                                                   bssBANK0     000073
_g_etat                                                           nvBANK0      00007A
_g_resAN                                                          bssBANK0     000075
_high_isr                                                         intcode      000008
_initialisation                                                   text1        0003A2
_initialisation_ActiverIntAdc                                     text8        000426
_initialisation_ActiverInterruptions                              text7        00043C
_initialisation_ActiverPWM                                        text6        0003C4
_initialisation_ConfigTmr0                                        text5        0003E2
_initialisation_ConfigTmr3                                        text4        000418
_initialisation_ConfigurerAdc                                     text3        0003FE
_initialisation_ConfigurerPortDSortie                             text2        000432
_main                                                             text0        000112
btemp                                                             temp         000001
end_of_initialization                                             cinit        00036C
high_isr@dutyWiper                                                dataBANK0    000078
high_isr@sensUp                                                   dataBANK0    000077
int$flags                                                         temp         000001
intlevel0                                                         text         00044A
intlevel1                                                         text         00044A
intlevel2                                                         text         00044A
intlevel3                                                         text         00044A
main@dutyWiper                                                    cstackBANK0  000070
stackhi                                                           (abs)        0005FF
stacklo                                                           (abs)        00007C
start                                                             init         00010E
start_initialization                                              cinit        000340
ttemp5                                                            temp         000002
ttemp6                                                            temp         000005
ttemp7                                                            temp         000009
wtemp8                                                            temp         000002


FUNCTION INFORMATION:

 *************** function _main *****************
 Defined at:
		line 54 in file "main.c"
 Parameters:    Size  Location     Type
		None
 Auto vars:     Size  Location     Type
  dutyWiper       1   16[BANK0 ] unsigned char 
 Return value:  Size  Location     Type
                  1    wreg      void 
 Registers used:
		wreg, status,2, status,0, prodl, prodh, cstack
 Tracked objects:
		On entry : 
		On exit  : 
		Unchanged: 
 Data sizes:     COMRAM   BANK0   BANK1   BANK2   BANK3   BANK4   BANK5
      Params:         0       0       0       0       0       0       0
      Locals:         0       1       0       0       0       0       0
      Temps:          0       2       0       0       0       0       0
      Totals:         0       3       0       0       0       0       0
Total ram usage:        3 bytes
 Hardware stack levels required when called:    3
 This function calls:
		___awdiv
		___wmul
		_initialisation
 This function is called by:
		Startup code after reset
 This function uses a non-reentrant model


 *************** function _initialisation *****************
 Defined at:
		line 42 in file "main.c"
 Parameters:    Size  Location     Type
		None
 Auto vars:     Size  Location     Type
		None
 Return value:  Size  Location     Type
                  1    wreg      void 
 Registers used:
		wreg, status,2, cstack
 Tracked objects:
		On entry : 
		On exit  : 
		Unchanged: 
 Data sizes:     COMRAM   BANK0   BANK1   BANK2   BANK3   BANK4   BANK5
      Params:         0       0       0       0       0       0       0
      Locals:         0       0       0       0       0       0       0
      Temps:          0       0       0       0       0       0       0
      Totals:         0       0       0       0       0       0       0
Total ram usage:        0 bytes
 Hardware stack levels used:    1
 Hardware stack levels required when called:    2
 This function calls:
		_initialisation_ActiverIntAdc
		_initialisation_ActiverInterruptions
		_initialisation_ActiverPWM
		_initialisation_ConfigTmr0
		_initialisation_ConfigTmr3
		_initialisation_ConfigurerAdc
		_initialisation_ConfigurerPortDSortie
 This function is called by:
		_main
 This function uses a non-reentrant model


 *************** function _initialisation_ConfigurerPortDSortie *****************
 Defined at:
		line 17 in file "initialisation.c"
 Parameters:    Size  Location     Type
		None
 Auto vars:     Size  Location     Type
		None
 Return value:  Size  Location     Type
                  1    wreg      void 
 Registers used:
		wreg, status,2
 Tracked objects:
		On entry : 
		On exit  : 
		Unchanged: 
 Data sizes:     COMRAM   BANK0   BANK1   BANK2   BANK3   BANK4   BANK5
      Params:         0       0       0       0       0       0       0
      Locals:         0       0       0       0       0       0       0
      Temps:          0       0       0       0       0       0       0
      Totals:         0       0       0       0       0       0       0
Total ram usage:        0 bytes
 Hardware stack levels used:    1
 Hardware stack levels required when called:    1
 This function calls:
		Nothing
 This function is called by:
		_initialisation
 This function uses a non-reentrant model


 *************** function _initialisation_ConfigurerAdc *****************
 Defined at:
		line 35 in file "initialisation.c"
 Parameters:    Size  Location     Type
		None
 Auto vars:     Size  Location     Type
		None
 Return value:  Size  Location     Type
                  1    wreg      void 
 Registers used:
		wreg, status,2
 Tracked objects:
		On entry : 
		On exit  : 
		Unchanged: 
 Data sizes:     COMRAM   BANK0   BANK1   BANK2   BANK3   BANK4   BANK5
      Params:         0       0       0       0       0       0       0
      Locals:         0       0       0       0       0       0       0
      Temps:          0       0       0       0       0       0       0
      Totals:         0       0       0       0       0       0       0
Total ram usage:        0 bytes
 Hardware stack levels used:    1
 Hardware stack levels required when called:    1
 This function calls:
		Nothing
 This function is called by:
		_initialisation
 This function uses a non-reentrant model


 *************** function _initialisation_ConfigTmr3 *****************
 Defined at:
		line 123 in file "initialisation.c"
 Parameters:    Size  Location     Type
		None
 Auto vars:     Size  Location     Type
		None
 Return value:  Size  Location     Type
                  1    wreg      void 
 Registers used:
		wreg, status,2
 Tracked objects:
		On entry : 
		On exit  : 
		Unchanged: 
 Data sizes:     COMRAM   BANK0   BANK1   BANK2   BANK3   BANK4   BANK5
      Params:         0       0       0       0       0       0       0
      Locals:         0       0       0       0       0       0       0
      Temps:          0       0       0       0       0       0       0
      Totals:         0       0       0       0       0       0       0
Total ram usage:        0 bytes
 Hardware stack levels used:    1
 Hardware stack levels required when called:    1
 This function calls:
		Nothing
 This function is called by:
		_initialisation
 This function uses a non-reentrant model


 *************** function _initialisation_ConfigTmr0 *****************
 Defined at:
		line 98 in file "initialisation.c"
 Parameters:    Size  Location     Type
		None
 Auto vars:     Size  Location     Type
		None
 Return value:  Size  Location     Type
                  1    wreg      void 
 Registers used:
		wreg, status,2
 Tracked objects:
		On entry : 
		On exit  : 
		Unchanged: 
 Data sizes:     COMRAM   BANK0   BANK1   BANK2   BANK3   BANK4   BANK5
      Params:         0       0       0       0       0       0       0
      Locals:         0       0       0       0       0       0       0
      Temps:          0       0       0       0       0       0       0
      Totals:         0       0       0       0       0       0       0
Total ram usage:        0 bytes
 Hardware stack levels used:    1
 Hardware stack levels required when called:    1
 This function calls:
		Nothing
 This function is called by:
		_initialisation
 This function uses a non-reentrant model


 *************** function _initialisation_ActiverPWM *****************
 Defined at:
		line 65 in file "initialisation.c"
 Parameters:    Size  Location     Type
		None
 Auto vars:     Size  Location     Type
		None
 Return value:  Size  Location     Type
                  1    wreg      void 
 Registers used:
		wreg, status,2
 Tracked objects:
		On entry : 
		On exit  : 
		Unchanged: 
 Data sizes:     COMRAM   BANK0   BANK1   BANK2   BANK3   BANK4   BANK5
      Params:         0       0       0       0       0       0       0
      Locals:         0       0       0       0       0       0       0
      Temps:          0       0       0       0       0       0       0
      Totals:         0       0       0       0       0       0       0
Total ram usage:        0 bytes
 Hardware stack levels used:    1
 Hardware stack levels required when called:    1
 This function calls:
		Nothing
 This function is called by:
		_initialisation
 This function uses a non-reentrant model


 *************** function _initialisation_ActiverInterruptions *****************
 Defined at:
		line 25 in file "initialisation.c"
 Parameters:    Size  Location     Type
		None
 Auto vars:     Size  Location     Type
		None
 Return value:  Size  Location     Type
                  1    wreg      void 
 Registers used:
		None
 Tracked objects:
		On entry : 
		On exit  : 
		Unchanged: 
 Data sizes:     COMRAM   BANK0   BANK1   BANK2   BANK3   BANK4   BANK5
      Params:         0       0       0       0       0       0       0
      Locals:         0       0       0       0       0       0       0
      Temps:          0       0       0       0       0       0       0
      Totals:         0       0       0       0       0       0       0
Total ram usage:        0 bytes
 Hardware stack levels used:    1
 Hardware stack levels required when called:    1
 This function calls:
		Nothing
 This function is called by:
		_initialisation
 This function uses a non-reentrant model


 *************** function _initialisation_ActiverIntAdc *****************
 Defined at:
		line 54 in file "initialisation.c"
 Parameters:    Size  Location     Type
		None
 Auto vars:     Size  Location     Type
		None
 Return value:  Size  Location     Type
                  1    wreg      void 
 Registers used:
		None
 Tracked objects:
		On entry : 
		On exit  : 
		Unchanged: 
 Data sizes:     COMRAM   BANK0   BANK1   BANK2   BANK3   BANK4   BANK5
      Params:         0       0       0       0       0       0       0
      Locals:         0       0       0       0       0       0       0
      Temps:          0       0       0       0       0       0       0
      Totals:         0       0       0       0       0       0       0
Total ram usage:        0 bytes
 Hardware stack levels used:    1
 Hardware stack levels required when called:    1
 This function calls:
		Nothing
 This function is called by:
		_initialisation
 This function uses a non-reentrant model


 *************** function ___wmul *****************
 Defined at:
		line 15 in file "C:\Program Files (x86)\Microchip\xc8\v2.10\pic\sources\c90\common\Umul16.c"
 Parameters:    Size  Location     Type
  multiplier      2    0[BANK0 ] unsigned int 
  multiplicand    2    2[BANK0 ] unsigned int 
 Auto vars:     Size  Location     Type
  product         2    4[BANK0 ] unsigned int 
 Return value:  Size  Location     Type
                  2    0[BANK0 ] unsigned int 
 Registers used:
		wreg, status,2, status,0, prodl, prodh
 Tracked objects:
		On entry : 
		On exit  : 
		Unchanged: 
 Data sizes:     COMRAM   BANK0   BANK1   BANK2   BANK3   BANK4   BANK5
      Params:         0       4       0       0       0       0       0
      Locals:         0       2       0       0       0       0       0
      Temps:          0       0       0       0       0       0       0
      Totals:         0       6       0       0       0       0       0
Total ram usage:        6 bytes
 Hardware stack levels used:    1
 Hardware stack levels required when called:    1
 This function calls:
		Nothing
 This function is called by:
		_main
 This function uses a non-reentrant model


 *************** function ___awdiv *****************
 Defined at:
		line 7 in file "C:\Program Files (x86)\Microchip\xc8\v2.10\pic\sources\c90\common\awdiv.c"
 Parameters:    Size  Location     Type
  dividend        2    6[BANK0 ] int 
  divisor         2    8[BANK0 ] int 
 Auto vars:     Size  Location     Type
  quotient        2   12[BANK0 ] int 
  sign            1   11[BANK0 ] unsigned char 
  counter         1   10[BANK0 ] unsigned char 
 Return value:  Size  Location     Type
                  2    6[BANK0 ] int 
 Registers used:
		wreg, status,2, status,0
 Tracked objects:
		On entry : 
		On exit  : 
		Unchanged: 
 Data sizes:     COMRAM   BANK0   BANK1   BANK2   BANK3   BANK4   BANK5
      Params:         0       4       0       0       0       0       0
      Locals:         0       4       0       0       0       0       0
      Temps:          0       0       0       0       0       0       0
      Totals:         0       8       0       0       0       0       0
Total ram usage:        8 bytes
 Hardware stack levels used:    1
 Hardware stack levels required when called:    1
 This function calls:
		Nothing
 This function is called by:
		_main
 This function uses a non-reentrant model


 *************** function _high_isr *****************
 Defined at:
		line 30 in file "interrupts.c"
 Parameters:    Size  Location     Type
		None
 Auto vars:     Size  Location     Type
		None
 Return value:  Size  Location     Type
                  1    wreg      void 
 Registers used:
		wreg, status,2, status,0
 Tracked objects:
		On entry : 
		On exit  : 
		Unchanged: 
 Data sizes:     COMRAM   BANK0   BANK1   BANK2   BANK3   BANK4   BANK5
      Params:         0       0       0       0       0       0       0
      Locals:         0       0       0       0       0       0       0
      Temps:          0       0       0       0       0       0       0
      Totals:         0       0       0       0       0       0       0
Total ram usage:        0 bytes
 Hardware stack levels used:    1
 This function calls:
		Nothing
 This function is called by:
		Interrupt level 2
 This function uses a non-reentrant model



MODULE INFORMATION

Module		Function		Class		Link	Load	Size
C:\Program Files (x86)\Microchip\xc8\v2.10\pic\sources\c90\common\awdiv.c
		___awdiv       		CODE           	024E	0000	243

C:\Program Files (x86)\Microchip\xc8\v2.10\pic\sources\c90\common\awdiv.c estimated size: 243

interrupts.c
		_high_isr      		CODE           	0008	0000	261

interrupts.c estimated size: 261

C:\Program Files (x86)\Microchip\xc8\v2.10\pic\sources\c90\common\Umul16.c
		___wmul        		CODE           	0376	0000	45

C:\Program Files (x86)\Microchip\xc8\v2.10\pic\sources\c90\common\Umul16.c estimated size: 45

initialisation.c
		_initialisation_ConfigurerPortDSortie		CODE           	0432	0000	11
		_initialisation_ConfigurerAdc		CODE           	03FE	0000	27
		_initialisation_ConfigTmr0		CODE           	03E2	0000	29
		_initialisation_ConfigTmr3		CODE           	0418	0000	15
		_initialisation_ActiverInterruptions		CODE           	043C	0000	11
		_initialisation_ActiverPWM		CODE           	03C4	0000	31
		_initialisation_ActiverIntAdc		CODE           	0426	0000	13

initialisation.c estimated size: 137

shared
		__initialization		CODE           	0340	0000	45

shared estimated size: 45

main.c
		_initialisation		CODE           	03A2	0000	35
		_main          		CODE           	0112	0000	317

main.c estimated size: 352

